******************************************************************************
                  TI ARM Linker PC v18.12.4                    
******************************************************************************
>> Linked Fri Oct 23 13:50:52 2020

OUTPUT FILE NAME:   <moayad.out>
ENTRY POINT SYMBOL: "_c_int00_noargs"  address: 00001055


MEMORY CONFIGURATION

         name            origin    length      used     unused   attr    fill
----------------------  --------  ---------  --------  --------  ----  --------
  FLASH                 00000000   00040000  0000126a  0003ed96  R  X
  SRAM                  20000000   00008000  00003140  00004ec0  RW X


SEGMENT ALLOCATION MAP

run origin  load origin   length   init length attrs members
----------  ----------- ---------- ----------- ----- -------
00000000    00000000    00001270   00001270    r-x
  00000000    00000000    0000026c   0000026c    r-- .intvecs
  0000026c    0000026c    00000ed2   00000ed2    r-x .text
  00001140    00001140    000000fc   000000fc    r-- .const
  00001240    00001240    00000030   00000030    r-- .cinit
20000000    20000000    00003140   00000000    rw-
  20000000    20000000    00002ef0   00000000    rw- .bss
  20002ef0    20002ef0    00000200   00000000    rw- .stack
  200030f0    200030f0    00000050   00000000    rw- .data


SECTION ALLOCATION MAP

 output                                  attributes/
section   page    origin      length       input sections
--------  ----  ----------  ----------   ----------------
.intvecs   0    00000000    0000026c     
                  00000000    0000026c     tm4c123gh6pm_startup_ccs.obj (.intvecs)

.text      0    0000026c    00000ed2     
                  0000026c    0000082c     main.obj (.text)
                  00000a98    00000130     driverlib.lib : gpio.obj (.text:GPIOPadConfigSet)
                  00000bc8    00000118                   : sysctl.obj (.text:SysCtlClockGet)
                  00000ce0    000000f0                   : sysctl.obj (.text:SysCtlClockSet)
                  00000dd0    0000009c     rtsv7M4_T_le_v4SPD16_eabi.lib : memcpy_t2.asm.obj (.text)
                  00000e6c    0000007a                                   : memset_t2.asm.obj (.text)
                  00000ee6    00000068                                   : copy_decompress_lzss.c.obj (.text:decompress:lzss:__TI_decompress_lzss)
                  00000f4e    00000002     --HOLE-- [fill = 0]
                  00000f50    00000048     driverlib.lib : gpio.obj (.text:GPIOPinConfigure)
                  00000f98    00000044     rtsv7M4_T_le_v4SPD16_eabi.lib : autoinit.c.obj (.text:__TI_auto_init_nobinit_nopinit:__TI_auto_init_nobinit_nopinit)
                  00000fdc    00000042     driverlib.lib : ssi.obj (.text:SSIConfigSetExpClk)
                  0000101e    00000002     --HOLE-- [fill = 0]
                  00001020    00000034                   : sysctl.obj (.text:SysCtlPeripheralEnable)
                  00001054    00000034     rtsv7M4_T_le_v4SPD16_eabi.lib : boot_cortex_m.c.obj (.text:_c_int00_noargs:_c_int00_noargs)
                  00001088    0000002a     driverlib.lib : gpio.obj (.text:GPIODirModeSet)
                  000010b2    00000018                   : gpio.obj (.text:GPIOPinTypeGPIOOutput)
                  000010ca    00000012                   : gpio.obj (.text:GPIOPinTypeSSI)
                  000010dc    0000000e     rtsv7M4_T_le_v4SPD16_eabi.lib : copy_decompress_none.c.obj (.text:decompress:none:__TI_decompress_none)
                  000010ea    0000000c     driverlib.lib : ssi.obj (.text:SSIDataGet)
                  000010f6    0000000c     rtsv7M4_T_le_v4SPD16_eabi.lib : copy_zero_init.c.obj (.text:decompress:ZI:__TI_zero_init)
                  00001102    0000000c     tm4c123gh6pm_startup_ccs.obj (.text)
                  0000110e    0000000a     driverlib.lib : ssi.obj (.text:SSIDataPut)
                  00001118    0000000a                   : ssi.obj (.text:SSIEnable)
                  00001122    00000008                   : ssi.obj (.text:SSIBusy)
                  0000112a    00000006                   : gpio.obj (.text:GPIOPinWrite)
                  00001130    00000006                   : sysctl.obj (.text:SysCtlDelay)
                  00001136    00000004     rtsv7M4_T_le_v4SPD16_eabi.lib : pre_init.c.obj (.text:_system_pre_init)
                  0000113a    00000004                                   : exit.c.obj (.text:abort:abort)

.const     0    00001140    000000fc     
                  00001140    00000090     driverlib.lib : gpio.obj (.const:g_pui32GPIOBaseAddrs)
                  000011d0    0000006c                   : sysctl.obj (.const:g_pui32Xtals)

.cinit     0    00001240    00000030     
                  00001240    0000000c     (.cinit..data.load) [load image, compression = lzss]
                  0000124c    0000000c     (__TI_handler_table)
                  00001258    00000008     (.cinit..bss.load) [load image, compression = zero_init]
                  00001260    00000010     (__TI_cinit_table)

.init_array 
*          0    00000000    00000000     UNINITIALIZED

.bss       0    20000000    00002ef0     UNINITIALIZED
                  20000000    00000fa0     (.common:calibrationBuffer_X)
                  20000fa0    00000fa0     (.common:calibrationBuffer_Y)
                  20001f40    00000fa0     (.common:calibrationBuffer_Z)
                  20002ee0    00000008     (.common:spiRxBuf)
                  20002ee8    00000004     (.common:spiTxBuf)
                  20002eec    00000004     (.common:ui32Index)

.data      0    200030f0    00000050     UNINITIALIZED
                  200030f0    00000050     main.obj (.data)

.stack     0    20002ef0    00000200     UNINITIALIZED
                  20002ef0    00000004     rtsv7M4_T_le_v4SPD16_eabi.lib : boot_cortex_m.c.obj (.stack)
                  20002ef4    000001fc     --HOLE--

MODULE SUMMARY

       Module                         code   ro data   rw data
       ------                         ----   -------   -------
    .\
       main.obj                       2092   0         12096  
       tm4c123gh6pm_startup_ccs.obj   12     620       0      
    +--+------------------------------+------+---------+---------+
       Total:                         2104   620       12096  
                                                              
    C:/ti/TivaWare_C_Series-2.1.0.12573/driverlib/ccs/Debug/driverlib.lib
       sysctl.obj                     578    108       0      
       gpio.obj                       466    144       0      
       ssi.obj                        106    0         0      
    +--+------------------------------+------+---------+---------+
       Total:                         1150   252       0      
                                                              
    C:\ti\ccs930\ccs\tools\compiler\ti-cgt-arm_18.12.4.LTS\lib\rtsv7M4_T_le_v4SPD16_eabi.lib
       memcpy_t2.asm.obj              156    0         0      
       memset_t2.asm.obj              122    0         0      
       copy_decompress_lzss.c.obj     104    0         0      
       autoinit.c.obj                 68     0         0      
       boot_cortex_m.c.obj            52     0         0      
       copy_decompress_none.c.obj     14     0         0      
       copy_zero_init.c.obj           12     0         0      
       exit.c.obj                     4      0         0      
       pre_init.c.obj                 4      0         0      
    +--+------------------------------+------+---------+---------+
       Total:                         536    0         0      
                                                              
       Stack:                         0      0         512    
       Linker Generated:              0      48        0      
    +--+------------------------------+------+---------+---------+
       Grand Total:                   3790   920       12608  


LINKER GENERATED COPY TABLES

__TI_cinit_table @ 00001260 records: 2, size/record: 8, table size: 16
	.data: load addr=00001240, load size=0000000c bytes, run addr=200030f0, run size=00000050 bytes, compression=lzss
	.bss: load addr=00001258, load size=00000008 bytes, run addr=20000000, run size=00002ef0 bytes, compression=zero_init


LINKER GENERATED HANDLER TABLE

__TI_handler_table @ 0000124c records: 3, size/record: 4, table size: 12
	index: 0, handler: __TI_decompress_lzss
	index: 1, handler: __TI_decompress_none
	index: 2, handler: __TI_zero_init


GLOBAL SYMBOLS: SORTED ALPHABETICALLY BY Name 

address   name                          
-------   ----                          
20003118  Angle_X                       
2000311c  Angle_Y                       
20003120  Angle_Z                       
0000113b  C$$EXIT                       
00001089  GPIODirModeSet                
00000a99  GPIOPadConfigSet              
00000f51  GPIOPinConfigure              
000010b3  GPIOPinTypeGPIOOutput         
000010cb  GPIOPinTypeSSI                
0000112b  GPIOPinWrite                  
00000359  L3GD20_Init                   
000003c9  L3GD20_loop                   
20003124  LastAngleRate_X               
20003128  LastAngleRate_Y               
2000312c  LastAngleRate_Z               
2000310c  Noise_X                       
20003110  Noise_Y                       
20003114  Noise_Z                       
00000289  ReadSPI                       
00001103  ResetISR                      
00001123  SSIBusy                       
00000fdd  SSIConfigSetExpClk            
000010eb  SSIDataGet                    
0000110f  SSIDataPut                    
00001119  SSIEnable                     
00000bc9  SysCtlClockGet                
00000ce1  SysCtlClockSet                
00001131  SysCtlDelay                   
00001021  SysCtlPeripheralEnable        
20003130  TempNoise_X                   
20003134  TempNoise_Y                   
20003138  TempNoise_Z                   
000002ed  WriteSPI                      
200030f0  __STACK_END                   
00000200  __STACK_SIZE                  
200030f0  __STACK_TOP                   
00001260  __TI_CINIT_Base               
00001270  __TI_CINIT_Limit              
0000124c  __TI_Handler_Table_Base       
00001258  __TI_Handler_Table_Limit      
00000f99  __TI_auto_init_nobinit_nopinit
00000ee7  __TI_decompress_lzss          
000010dd  __TI_decompress_none          
ffffffff  __TI_pprof_out_hndl           
ffffffff  __TI_prof_data_size           
ffffffff  __TI_prof_data_start          
00000000  __TI_static_base__            
000010f7  __TI_zero_init                
00000e6d  __aeabi_memclr                
00000e6d  __aeabi_memclr4               
00000e6d  __aeabi_memclr8               
00000dd1  __aeabi_memcpy                
00000dd1  __aeabi_memcpy4               
00000dd1  __aeabi_memcpy8               
00000e6f  __aeabi_memset                
00000e6f  __aeabi_memset4               
00000e6f  __aeabi_memset8               
ffffffff  __binit__                     
ffffffff  __c_args__                    
UNDEFED   __mpu_init                    
20002ef0  __stack                       
00001055  _c_int00_noargs               
UNDEFED   _system_post_cinit            
00001137  _system_pre_init              
0000113b  abort                         
200030f4  angleRate_x                   
200030f8  angleRate_y                   
200030fc  angleRate_z                   
ffffffff  binit                         
20000000  calibrationBuffer_X           
20000fa0  calibrationBuffer_Y           
20001f40  calibrationBuffer_Z           
200030f2  currentState                  
200030f1  currentcalistate              
200030f0  dataReadyFlag                 
0000026d  delayMS                       
00000000  g_pfnVectors                  
000009b9  main                          
00000dd1  memcpy                        
00000e75  memset                        
20003100  offset_x                      
20003104  offset_y                      
20003108  offset_z                      
20002ee0  spiRxBuf                      
20002ee8  spiTxBuf                      
20002eec  ui32Index                     


GLOBAL SYMBOLS: SORTED BY Symbol Address 

address   name                          
-------   ----                          
00000000  __TI_static_base__            
00000000  g_pfnVectors                  
00000200  __STACK_SIZE                  
0000026d  delayMS                       
00000289  ReadSPI                       
000002ed  WriteSPI                      
00000359  L3GD20_Init                   
000003c9  L3GD20_loop                   
000009b9  main                          
00000a99  GPIOPadConfigSet              
00000bc9  SysCtlClockGet                
00000ce1  SysCtlClockSet                
00000dd1  __aeabi_memcpy                
00000dd1  __aeabi_memcpy4               
00000dd1  __aeabi_memcpy8               
00000dd1  memcpy                        
00000e6d  __aeabi_memclr                
00000e6d  __aeabi_memclr4               
00000e6d  __aeabi_memclr8               
00000e6f  __aeabi_memset                
00000e6f  __aeabi_memset4               
00000e6f  __aeabi_memset8               
00000e75  memset                        
00000ee7  __TI_decompress_lzss          
00000f51  GPIOPinConfigure              
00000f99  __TI_auto_init_nobinit_nopinit
00000fdd  SSIConfigSetExpClk            
00001021  SysCtlPeripheralEnable        
00001055  _c_int00_noargs               
00001089  GPIODirModeSet                
000010b3  GPIOPinTypeGPIOOutput         
000010cb  GPIOPinTypeSSI                
000010dd  __TI_decompress_none          
000010eb  SSIDataGet                    
000010f7  __TI_zero_init                
00001103  ResetISR                      
0000110f  SSIDataPut                    
00001119  SSIEnable                     
00001123  SSIBusy                       
0000112b  GPIOPinWrite                  
00001131  SysCtlDelay                   
00001137  _system_pre_init              
0000113b  C$$EXIT                       
0000113b  abort                         
0000124c  __TI_Handler_Table_Base       
00001258  __TI_Handler_Table_Limit      
00001260  __TI_CINIT_Base               
00001270  __TI_CINIT_Limit              
20000000  calibrationBuffer_X           
20000fa0  calibrationBuffer_Y           
20001f40  calibrationBuffer_Z           
20002ee0  spiRxBuf                      
20002ee8  spiTxBuf                      
20002eec  ui32Index                     
20002ef0  __stack                       
200030f0  __STACK_END                   
200030f0  __STACK_TOP                   
200030f0  dataReadyFlag                 
200030f1  currentcalistate              
200030f2  currentState                  
200030f4  angleRate_x                   
200030f8  angleRate_y                   
200030fc  angleRate_z                   
20003100  offset_x                      
20003104  offset_y                      
20003108  offset_z                      
2000310c  Noise_X                       
20003110  Noise_Y                       
20003114  Noise_Z                       
20003118  Angle_X                       
2000311c  Angle_Y                       
20003120  Angle_Z                       
20003124  LastAngleRate_X               
20003128  LastAngleRate_Y               
2000312c  LastAngleRate_Z               
20003130  TempNoise_X                   
20003134  TempNoise_Y                   
20003138  TempNoise_Z                   
ffffffff  __TI_pprof_out_hndl           
ffffffff  __TI_prof_data_size           
ffffffff  __TI_prof_data_start          
ffffffff  __binit__                     
ffffffff  __c_args__                    
ffffffff  binit                         
UNDEFED   __mpu_init                    
UNDEFED   _system_post_cinit            

[86 symbols]
