<?xml version="1.0" encoding="ISO-8859-1" ?>
<link_info>
   <banner>TI ARM Linker PC v18.12.4.LTS</banner>
   <copyright>Copyright (c) 1996-2018 Texas Instruments Incorporated</copyright>
   <link_time>0x5f980534</link_time>
   <link_errors>0x0</link_errors>
   <output_file>TIVA_GYRO_L3GD20H_TEST.out</output_file>
   <entry_point>
      <name>_c_int00_noargs</name>
      <address>0x2831</address>
   </entry_point>
   <input_file_list>
      <input_file id="fl-2">
         <path>.\</path>
         <kind>object</kind>
         <file>main.obj</file>
         <name>main.obj</name>
      </input_file>
      <input_file id="fl-3">
         <path>.\</path>
         <kind>object</kind>
         <file>tm4c123gh6pm_startup_ccs.obj</file>
         <name>tm4c123gh6pm_startup_ccs.obj</name>
      </input_file>
      <input_file id="fl-8">
         <kind>object</kind>
         <file>&lt;internal&gt;</file>
         <name>&lt;internal&gt;</name>
      </input_file>
      <input_file id="fl-be">
         <path>C:\ti\ccs930\ccs\tools\compiler\ti-cgt-arm_18.12.4.LTS\lib\</path>
         <kind>archive</kind>
         <file>rtsv7M4_T_le_v4SPD16_eabi.lib</file>
         <name>sprintf.c.obj</name>
      </input_file>
      <input_file id="fl-bf">
         <path>C:\ti\ccs930\ccs\tools\compiler\ti-cgt-arm_18.12.4.LTS\lib\</path>
         <kind>archive</kind>
         <file>rtsv7M4_T_le_v4SPD16_eabi.lib</file>
         <name>memcpy_t2.asm.obj</name>
      </input_file>
      <input_file id="fl-c0">
         <path>C:\ti\ccs930\ccs\tools\compiler\ti-cgt-arm_18.12.4.LTS\lib\</path>
         <kind>archive</kind>
         <file>rtsv7M4_T_le_v4SPD16_eabi.lib</file>
         <name>copy_zero_init.c.obj</name>
      </input_file>
      <input_file id="fl-c1">
         <path>C:\ti\ccs930\ccs\tools\compiler\ti-cgt-arm_18.12.4.LTS\lib\</path>
         <kind>archive</kind>
         <file>rtsv7M4_T_le_v4SPD16_eabi.lib</file>
         <name>copy_decompress_none.c.obj</name>
      </input_file>
      <input_file id="fl-c2">
         <path>C:\ti\ccs930\ccs\tools\compiler\ti-cgt-arm_18.12.4.LTS\lib\</path>
         <kind>archive</kind>
         <file>rtsv7M4_T_le_v4SPD16_eabi.lib</file>
         <name>copy_decompress_lzss.c.obj</name>
      </input_file>
      <input_file id="fl-c3">
         <path>C:\ti\ccs930\ccs\tools\compiler\ti-cgt-arm_18.12.4.LTS\lib\</path>
         <kind>archive</kind>
         <file>rtsv7M4_T_le_v4SPD16_eabi.lib</file>
         <name>boot_cortex_m.c.obj</name>
      </input_file>
      <input_file id="fl-c4">
         <path>C:\ti\ccs930\ccs\tools\compiler\ti-cgt-arm_18.12.4.LTS\lib\</path>
         <kind>archive</kind>
         <file>rtsv7M4_T_le_v4SPD16_eabi.lib</file>
         <name>_printfi.c.obj</name>
      </input_file>
      <input_file id="fl-c5">
         <path>C:\ti\ccs930\ccs\tools\compiler\ti-cgt-arm_18.12.4.LTS\lib\</path>
         <kind>archive</kind>
         <file>rtsv7M4_T_le_v4SPD16_eabi.lib</file>
         <name>fd_add_t2.asm.obj</name>
      </input_file>
      <input_file id="fl-c6">
         <path>C:\ti\ccs930\ccs\tools\compiler\ti-cgt-arm_18.12.4.LTS\lib\</path>
         <kind>archive</kind>
         <file>rtsv7M4_T_le_v4SPD16_eabi.lib</file>
         <name>fd_cmp_t2.asm.obj</name>
      </input_file>
      <input_file id="fl-c7">
         <path>C:\ti\ccs930\ccs\tools\compiler\ti-cgt-arm_18.12.4.LTS\lib\</path>
         <kind>archive</kind>
         <file>rtsv7M4_T_le_v4SPD16_eabi.lib</file>
         <name>fd_div_t2.asm.obj</name>
      </input_file>
      <input_file id="fl-c8">
         <path>C:\ti\ccs930\ccs\tools\compiler\ti-cgt-arm_18.12.4.LTS\lib\</path>
         <kind>archive</kind>
         <file>rtsv7M4_T_le_v4SPD16_eabi.lib</file>
         <name>fd_mul_t2.asm.obj</name>
      </input_file>
      <input_file id="fl-c9">
         <path>C:\ti\ccs930\ccs\tools\compiler\ti-cgt-arm_18.12.4.LTS\lib\</path>
         <kind>archive</kind>
         <file>rtsv7M4_T_le_v4SPD16_eabi.lib</file>
         <name>fd_toi_t2.asm.obj</name>
      </input_file>
      <input_file id="fl-ca">
         <path>C:\ti\ccs930\ccs\tools\compiler\ti-cgt-arm_18.12.4.LTS\lib\</path>
         <kind>archive</kind>
         <file>rtsv7M4_T_le_v4SPD16_eabi.lib</file>
         <name>i_tofd_t2.asm.obj</name>
      </input_file>
      <input_file id="fl-cb">
         <path>C:\ti\ccs930\ccs\tools\compiler\ti-cgt-arm_18.12.4.LTS\lib\</path>
         <kind>archive</kind>
         <file>rtsv7M4_T_le_v4SPD16_eabi.lib</file>
         <name>ull_div_t2.asm.obj</name>
      </input_file>
      <input_file id="fl-cc">
         <path>C:\ti\ccs930\ccs\tools\compiler\ti-cgt-arm_18.12.4.LTS\lib\</path>
         <kind>archive</kind>
         <file>rtsv7M4_T_le_v4SPD16_eabi.lib</file>
         <name>memset_t2.asm.obj</name>
      </input_file>
      <input_file id="fl-cd">
         <path>C:\ti\ccs930\ccs\tools\compiler\ti-cgt-arm_18.12.4.LTS\lib\</path>
         <kind>archive</kind>
         <file>rtsv7M4_T_le_v4SPD16_eabi.lib</file>
         <name>autoinit.c.obj</name>
      </input_file>
      <input_file id="fl-ce">
         <path>C:\ti\ccs930\ccs\tools\compiler\ti-cgt-arm_18.12.4.LTS\lib\</path>
         <kind>archive</kind>
         <file>rtsv7M4_T_le_v4SPD16_eabi.lib</file>
         <name>pre_init.c.obj</name>
      </input_file>
      <input_file id="fl-cf">
         <path>C:\ti\ccs930\ccs\tools\compiler\ti-cgt-arm_18.12.4.LTS\lib\</path>
         <kind>archive</kind>
         <file>rtsv7M4_T_le_v4SPD16_eabi.lib</file>
         <name>cpy_tbl.c.obj</name>
      </input_file>
      <input_file id="fl-d0">
         <path>C:\ti\ccs930\ccs\tools\compiler\ti-cgt-arm_18.12.4.LTS\lib\</path>
         <kind>archive</kind>
         <file>rtsv7M4_T_le_v4SPD16_eabi.lib</file>
         <name>exit.c.obj</name>
      </input_file>
      <input_file id="fl-d1">
         <path>C:\ti\ccs930\ccs\tools\compiler\ti-cgt-arm_18.12.4.LTS\lib\</path>
         <kind>archive</kind>
         <file>rtsv7M4_T_le_v4SPD16_eabi.lib</file>
         <name>_lock.c.obj</name>
      </input_file>
      <input_file id="fl-d2">
         <path>C:\ti\ccs930\ccs\tools\compiler\ti-cgt-arm_18.12.4.LTS\lib\</path>
         <kind>archive</kind>
         <file>rtsv7M4_T_le_v4SPD16_eabi.lib</file>
         <name>args_main.c.obj</name>
      </input_file>
      <input_file id="fl-d3">
         <path>C:\ti\ccs930\ccs\tools\compiler\ti-cgt-arm_18.12.4.LTS\lib\</path>
         <kind>archive</kind>
         <file>rtsv7M4_T_le_v4SPD16_eabi.lib</file>
         <name>atoi.c.obj</name>
      </input_file>
      <input_file id="fl-d4">
         <path>C:\ti\ccs930\ccs\tools\compiler\ti-cgt-arm_18.12.4.LTS\lib\</path>
         <kind>archive</kind>
         <file>rtsv7M4_T_le_v4SPD16_eabi.lib</file>
         <name>ctype.c.obj</name>
      </input_file>
      <input_file id="fl-d5">
         <path>C:\ti\ccs930\ccs\tools\compiler\ti-cgt-arm_18.12.4.LTS\lib\</path>
         <kind>archive</kind>
         <file>rtsv7M4_T_le_v4SPD16_eabi.lib</file>
         <name>ltoa.c.obj</name>
      </input_file>
      <input_file id="fl-d6">
         <path>C:\ti\ccs930\ccs\tools\compiler\ti-cgt-arm_18.12.4.LTS\lib\</path>
         <kind>archive</kind>
         <file>rtsv7M4_T_le_v4SPD16_eabi.lib</file>
         <name>memccpy.c.obj</name>
      </input_file>
      <input_file id="fl-d7">
         <path>C:\ti\ccs930\ccs\tools\compiler\ti-cgt-arm_18.12.4.LTS\lib\</path>
         <kind>archive</kind>
         <file>rtsv7M4_T_le_v4SPD16_eabi.lib</file>
         <name>strchr.c.obj</name>
      </input_file>
      <input_file id="fl-d8">
         <path>C:\ti\ccs930\ccs\tools\compiler\ti-cgt-arm_18.12.4.LTS\lib\</path>
         <kind>archive</kind>
         <file>rtsv7M4_T_le_v4SPD16_eabi.lib</file>
         <name>strlen.c.obj</name>
      </input_file>
      <input_file id="fl-d9">
         <path>C:\ti\ccs930\ccs\tools\compiler\ti-cgt-arm_18.12.4.LTS\lib\</path>
         <kind>archive</kind>
         <file>rtsv7M4_T_le_v4SPD16_eabi.lib</file>
         <name>errno.c.obj</name>
      </input_file>
      <input_file id="fl-da">
         <path>C:\ti\ccs930\ccs\tools\compiler\ti-cgt-arm_18.12.4.LTS\lib\</path>
         <kind>archive</kind>
         <file>rtsv7M4_T_le_v4SPD16_eabi.lib</file>
         <name>wcslen.c.obj</name>
      </input_file>
      <input_file id="fl-db">
         <path>C:\ti\ccs930\ccs\tools\compiler\ti-cgt-arm_18.12.4.LTS\lib\</path>
         <kind>archive</kind>
         <file>rtsv7M4_T_le_v4SPD16_eabi.lib</file>
         <name>s_frexp.c.obj</name>
      </input_file>
      <input_file id="fl-dc">
         <path>C:\ti\ccs930\ccs\tools\compiler\ti-cgt-arm_18.12.4.LTS\lib\</path>
         <kind>archive</kind>
         <file>rtsv7M4_T_le_v4SPD16_eabi.lib</file>
         <name>s_scalbn.c.obj</name>
      </input_file>
      <input_file id="fl-dd">
         <path>C:\ti\ccs930\ccs\tools\compiler\ti-cgt-arm_18.12.4.LTS\lib\</path>
         <kind>archive</kind>
         <file>rtsv7M4_T_le_v4SPD16_eabi.lib</file>
         <name>div0.asm.obj</name>
      </input_file>
      <input_file id="fl-de">
         <path>C:\ti\ccs930\ccs\tools\compiler\ti-cgt-arm_18.12.4.LTS\lib\</path>
         <kind>archive</kind>
         <file>rtsv7M4_T_le_v4SPD16_eabi.lib</file>
         <name>s_copysign.c.obj</name>
      </input_file>
      <input_file id="fl-df">
         <path>C:\ti\TivaWare_C_Series-2.1.0.12573\driverlib\ccs\Debug\</path>
         <kind>archive</kind>
         <file>driverlib.lib</file>
         <name>uart.obj</name>
      </input_file>
      <input_file id="fl-e0">
         <path>C:\ti\TivaWare_C_Series-2.1.0.12573\driverlib\ccs\Debug\</path>
         <kind>archive</kind>
         <file>driverlib.lib</file>
         <name>sysctl.obj</name>
      </input_file>
      <input_file id="fl-e1">
         <path>C:\ti\TivaWare_C_Series-2.1.0.12573\driverlib\ccs\Debug\</path>
         <kind>archive</kind>
         <file>driverlib.lib</file>
         <name>ssi.obj</name>
      </input_file>
      <input_file id="fl-e2">
         <path>C:\ti\TivaWare_C_Series-2.1.0.12573\driverlib\ccs\Debug\</path>
         <kind>archive</kind>
         <file>driverlib.lib</file>
         <name>interrupt.obj</name>
      </input_file>
      <input_file id="fl-e3">
         <path>C:\ti\TivaWare_C_Series-2.1.0.12573\driverlib\ccs\Debug\</path>
         <kind>archive</kind>
         <file>driverlib.lib</file>
         <name>gpio.obj</name>
      </input_file>
      <input_file id="fl-e4">
         <path>C:\ti\TivaWare_C_Series-2.1.0.12573\driverlib\ccs\Debug\</path>
         <kind>archive</kind>
         <file>driverlib.lib</file>
         <name>cpu.obj</name>
      </input_file>
   </input_file_list>
   <object_component_list>
      <object_component id="oc-f">
         <name>.intvecs</name>
         <load_address>0x0</load_address>
         <run_address>0x0</run_address>
         <size>0x26c</size>
         <input_file_ref idref="fl-3"/>
      </object_component>
      <object_component id="oc-1f4">
         <name>.text:__TI_printfi</name>
         <load_address>0x26c</load_address>
         <run_address>0x26c</run_address>
         <size>0xa4e</size>
         <input_file_ref idref="fl-c4"/>
      </object_component>
      <object_component id="oc-35b">
         <name>.text</name>
         <load_address>0xcba</load_address>
         <run_address>0xcba</run_address>
         <size>0x2</size>
         <input_file_ref idref="fl-dd"/>
      </object_component>
      <object_component id="oc-98">
         <name>.text</name>
         <load_address>0xcbc</load_address>
         <run_address>0xcbc</run_address>
         <size>0x3d4</size>
         <input_file_ref idref="fl-2"/>
      </object_component>
      <object_component id="oc-277">
         <name>.text:_pconv_a</name>
         <load_address>0x1090</load_address>
         <run_address>0x1090</run_address>
         <size>0x270</size>
         <input_file_ref idref="fl-c4"/>
      </object_component>
      <object_component id="oc-265">
         <name>.text:_pconv_g</name>
         <load_address>0x1300</load_address>
         <run_address>0x1300</run_address>
         <size>0x1d0</size>
         <input_file_ref idref="fl-c4"/>
      </object_component>
      <object_component id="oc-2f3">
         <name>.text</name>
         <load_address>0x14d0</load_address>
         <run_address>0x14d0</run_address>
         <size>0x1b6</size>
         <input_file_ref idref="fl-c5"/>
      </object_component>
      <object_component id="oc-271">
         <name>.text:_pconv_e</name>
         <load_address>0x1688</load_address>
         <run_address>0x1688</run_address>
         <size>0x13c</size>
         <input_file_ref idref="fl-c4"/>
      </object_component>
      <object_component id="oc-2d9">
         <name>.text</name>
         <load_address>0x17c4</load_address>
         <run_address>0x17c4</run_address>
         <size>0x136</size>
         <input_file_ref idref="fl-c7"/>
      </object_component>
      <object_component id="oc-14b">
         <name>.text:GPIOPadConfigSet</name>
         <load_address>0x18fa</load_address>
         <run_address>0x18fa</run_address>
         <size>0x130</size>
         <input_file_ref idref="fl-e3"/>
      </object_component>
      <object_component id="oc-305">
         <name>.text:fcvt</name>
         <load_address>0x1a2c</load_address>
         <run_address>0x1a2c</run_address>
         <size>0x124</size>
         <input_file_ref idref="fl-c4"/>
      </object_component>
      <object_component id="oc-c6">
         <name>.text:SysCtlClockGet</name>
         <load_address>0x1b50</load_address>
         <run_address>0x1b50</run_address>
         <size>0x118</size>
         <input_file_ref idref="fl-e0"/>
      </object_component>
      <object_component id="oc-319">
         <name>.text:scalbn</name>
         <load_address>0x1c68</load_address>
         <run_address>0x1c68</run_address>
         <size>0x110</size>
         <input_file_ref idref="fl-dc"/>
      </object_component>
      <object_component id="oc-2d4">
         <name>.text</name>
         <load_address>0x1d78</load_address>
         <run_address>0x1d78</run_address>
         <size>0xfc</size>
         <input_file_ref idref="fl-c8"/>
      </object_component>
      <object_component id="oc-103">
         <name>.text:SysCtlClockSet</name>
         <load_address>0x1e74</load_address>
         <run_address>0x1e74</run_address>
         <size>0xf0</size>
         <input_file_ref idref="fl-e0"/>
      </object_component>
      <object_component id="oc-25a">
         <name>.text:_ltostr</name>
         <load_address>0x1f64</load_address>
         <run_address>0x1f64</run_address>
         <size>0xb1</size>
         <input_file_ref idref="fl-c4"/>
      </object_component>
      <object_component id="oc-38">
         <name>.text</name>
         <load_address>0x2016</load_address>
         <run_address>0x2016</run_address>
         <size>0x9c</size>
         <input_file_ref idref="fl-bf"/>
      </object_component>
      <object_component id="oc-2cd">
         <name>.text</name>
         <load_address>0x20b2</load_address>
         <run_address>0x20b2</run_address>
         <size>0x96</size>
         <input_file_ref idref="fl-cb"/>
      </object_component>
      <object_component id="oc-260">
         <name>.text:__aeabi_cdcmple</name>
         <load_address>0x2148</load_address>
         <run_address>0x2148</run_address>
         <size>0x86</size>
         <input_file_ref idref="fl-c6"/>
      </object_component>
      <object_component id="oc-2de">
         <name>.text:__aeabi_cdrcmple</name>
         <load_address>0x21ce</load_address>
         <run_address>0x21ce</run_address>
         <size>0x86</size>
         <input_file_ref idref="fl-c6"/>
      </object_component>
      <object_component id="oc-8c">
         <name>.text</name>
         <load_address>0x2254</load_address>
         <run_address>0x2254</run_address>
         <size>0x7a</size>
         <input_file_ref idref="fl-cc"/>
      </object_component>
      <object_component id="oc-2fe">
         <name>.text:_mcpy</name>
         <load_address>0x22ce</load_address>
         <run_address>0x22ce</run_address>
         <size>0x6e</size>
         <input_file_ref idref="fl-c4"/>
      </object_component>
      <object_component id="oc-12">
         <name>.text:decompress:lzss:__TI_decompress_lzss</name>
         <load_address>0x233c</load_address>
         <run_address>0x233c</run_address>
         <size>0x68</size>
         <input_file_ref idref="fl-c2"/>
      </object_component>
      <object_component id="oc-313">
         <name>.text:frexp</name>
         <load_address>0x23a4</load_address>
         <run_address>0x23a4</run_address>
         <size>0x64</size>
         <input_file_ref idref="fl-db"/>
      </object_component>
      <object_component id="oc-13f">
         <name>.text:IntEnable</name>
         <load_address>0x2408</load_address>
         <run_address>0x2408</run_address>
         <size>0x60</size>
         <input_file_ref idref="fl-e2"/>
      </object_component>
      <object_component id="oc-26b">
         <name>.text:_pconv_f</name>
         <load_address>0x2468</load_address>
         <run_address>0x2468</run_address>
         <size>0x56</size>
         <input_file_ref idref="fl-c4"/>
      </object_component>
      <object_component id="oc-2e8">
         <name>.text:ltoa</name>
         <load_address>0x24be</load_address>
         <run_address>0x24be</run_address>
         <size>0x54</size>
         <input_file_ref idref="fl-d5"/>
      </object_component>
      <object_component id="oc-2f8">
         <name>.text:_ecpy</name>
         <load_address>0x2512</load_address>
         <run_address>0x2512</run_address>
         <size>0x52</size>
         <input_file_ref idref="fl-c4"/>
      </object_component>
      <object_component id="oc-254">
         <name>.text:atoi</name>
         <load_address>0x2564</load_address>
         <run_address>0x2564</run_address>
         <size>0x4c</size>
         <input_file_ref idref="fl-d3"/>
      </object_component>
      <object_component id="oc-10f">
         <name>.text:GPIOPinConfigure</name>
         <load_address>0x25b0</load_address>
         <run_address>0x25b0</run_address>
         <size>0x48</size>
         <input_file_ref idref="fl-e3"/>
      </object_component>
      <object_component id="oc-2e3">
         <name>.text</name>
         <load_address>0x25f8</load_address>
         <run_address>0x25f8</run_address>
         <size>0x48</size>
         <input_file_ref idref="fl-c9"/>
      </object_component>
      <object_component id="oc-177">
         <name>.text:__TI_auto_init_nobinit_nopinit:__TI_auto_init_nobinit_nopinit</name>
         <load_address>0x2640</load_address>
         <run_address>0x2640</run_address>
         <size>0x44</size>
         <input_file_ref idref="fl-cd"/>
      </object_component>
      <object_component id="oc-157">
         <name>.text:SSIConfigSetExpClk</name>
         <load_address>0x2684</load_address>
         <run_address>0x2684</run_address>
         <size>0x42</size>
         <input_file_ref idref="fl-e1"/>
      </object_component>
      <object_component id="oc-127">
         <name>.text:UARTConfigSetExpClk</name>
         <load_address>0x26c6</load_address>
         <run_address>0x26c6</run_address>
         <size>0x40</size>
         <input_file_ref idref="fl-df"/>
      </object_component>
      <object_component id="oc-1db">
         <name>.text:_UARTIntNumberGet</name>
         <load_address>0x2708</load_address>
         <run_address>0x2708</run_address>
         <size>0x40</size>
         <input_file_ref idref="fl-df"/>
      </object_component>
      <object_component id="oc-163">
         <name>.text:sprintf</name>
         <load_address>0x2748</load_address>
         <run_address>0x2748</run_address>
         <size>0x40</size>
         <input_file_ref idref="fl-be"/>
      </object_component>
      <object_component id="oc-30b">
         <name>.text:_fcpy</name>
         <load_address>0x2788</load_address>
         <run_address>0x2788</run_address>
         <size>0x3e</size>
         <input_file_ref idref="fl-c4"/>
      </object_component>
      <object_component id="oc-1e1">
         <name>.text:IntRegister</name>
         <load_address>0x27c8</load_address>
         <run_address>0x27c8</run_address>
         <size>0x34</size>
         <input_file_ref idref="fl-e2"/>
      </object_component>
      <object_component id="oc-109">
         <name>.text:SysCtlPeripheralEnable</name>
         <load_address>0x27fc</load_address>
         <run_address>0x27fc</run_address>
         <size>0x34</size>
         <input_file_ref idref="fl-e0"/>
      </object_component>
      <object_component id="oc-56">
         <name>.text:_c_int00_noargs:_c_int00_noargs</name>
         <load_address>0x2830</load_address>
         <run_address>0x2830</run_address>
         <size>0x34</size>
         <input_file_ref idref="fl-c3"/>
      </object_component>
      <object_component id="oc-2ee">
         <name>.text</name>
         <load_address>0x2864</load_address>
         <run_address>0x2864</run_address>
         <size>0x2e</size>
         <input_file_ref idref="fl-ca"/>
      </object_component>
      <object_component id="oc-1d1">
         <name>.text:GPIODirModeSet</name>
         <load_address>0x2892</load_address>
         <run_address>0x2892</run_address>
         <size>0x2a</size>
         <input_file_ref idref="fl-e3"/>
      </object_component>
      <object_component id="oc-11b">
         <name>.text:UARTDisable</name>
         <load_address>0x28bc</load_address>
         <run_address>0x28bc</run_address>
         <size>0x1c</size>
         <input_file_ref idref="fl-df"/>
      </object_component>
      <object_component id="oc-44">
         <name>.text:decompress:ZI:__TI_zero_init_nomemset:__TI_zero_init_nomemset</name>
         <load_address>0x28d8</load_address>
         <run_address>0x28d8</run_address>
         <size>0x1c</size>
         <input_file_ref idref="fl-c0"/>
      </object_component>
      <object_component id="oc-27d">
         <name>.text:memccpy</name>
         <load_address>0x28f4</load_address>
         <run_address>0x28f4</run_address>
         <size>0x1c</size>
         <input_file_ref idref="fl-d6"/>
      </object_component>
      <object_component id="oc-374">
         <name>.text:copysign</name>
         <load_address>0x2910</load_address>
         <run_address>0x2910</run_address>
         <size>0x1a</size>
         <input_file_ref idref="fl-de"/>
      </object_component>
      <object_component id="oc-145">
         <name>.text:GPIOPinTypeGPIOOutput</name>
         <load_address>0x292a</load_address>
         <run_address>0x292a</run_address>
         <size>0x18</size>
         <input_file_ref idref="fl-e3"/>
      </object_component>
      <object_component id="oc-12d">
         <name>.text:UARTIntRegister</name>
         <load_address>0x2942</load_address>
         <run_address>0x2942</run_address>
         <size>0x18</size>
         <input_file_ref idref="fl-df"/>
      </object_component>
      <object_component id="oc-1fa">
         <name>.text:_outs</name>
         <load_address>0x295a</load_address>
         <run_address>0x295a</run_address>
         <size>0x18</size>
         <input_file_ref idref="fl-be"/>
      </object_component>
      <object_component id="oc-31f">
         <name>.text:strchr</name>
         <load_address>0x2972</load_address>
         <run_address>0x2972</run_address>
         <size>0x16</size>
         <input_file_ref idref="fl-d7"/>
      </object_component>
      <object_component id="oc-139">
         <name>.text:UARTEnable</name>
         <load_address>0x2988</load_address>
         <run_address>0x2988</run_address>
         <size>0x14</size>
         <input_file_ref idref="fl-df"/>
      </object_component>
      <object_component id="oc-24e">
         <name>.text:strlen</name>
         <load_address>0x299c</load_address>
         <run_address>0x299c</run_address>
         <size>0x14</size>
         <input_file_ref idref="fl-d8"/>
      </object_component>
      <object_component id="oc-151">
         <name>.text:GPIOPinTypeSSI</name>
         <load_address>0x29b0</load_address>
         <run_address>0x29b0</run_address>
         <size>0x12</size>
         <input_file_ref idref="fl-e3"/>
      </object_component>
      <object_component id="oc-115">
         <name>.text:GPIOPinTypeUART</name>
         <load_address>0x29c2</load_address>
         <run_address>0x29c2</run_address>
         <size>0x12</size>
         <input_file_ref idref="fl-e3"/>
      </object_component>
      <object_component id="oc-283">
         <name>.text:wcslen</name>
         <load_address>0x29d4</load_address>
         <run_address>0x29d4</run_address>
         <size>0x12</size>
         <input_file_ref idref="fl-da"/>
      </object_component>
      <object_component id="oc-fd">
         <name>.text:UARTCharGetNonBlocking</name>
         <load_address>0x29e6</load_address>
         <run_address>0x29e6</run_address>
         <size>0xe</size>
         <input_file_ref idref="fl-df"/>
      </object_component>
      <object_component id="oc-d3">
         <name>.text:UARTCharPutNonBlocking</name>
         <load_address>0x29f4</load_address>
         <run_address>0x29f4</run_address>
         <size>0xe</size>
         <input_file_ref idref="fl-df"/>
      </object_component>
      <object_component id="oc-18">
         <name>.text:decompress:none:__TI_decompress_none</name>
         <load_address>0x2a02</load_address>
         <run_address>0x2a02</run_address>
         <size>0xe</size>
         <input_file_ref idref="fl-c1"/>
      </object_component>
      <object_component id="oc-e5">
         <name>.text:SSIDataGet</name>
         <load_address>0x2a10</load_address>
         <run_address>0x2a10</run_address>
         <size>0xc</size>
         <input_file_ref idref="fl-e1"/>
      </object_component>
      <object_component id="oc-cd">
         <name>.text:UARTSpaceAvail</name>
         <load_address>0x2a1c</load_address>
         <run_address>0x2a1c</run_address>
         <size>0xc</size>
         <input_file_ref idref="fl-df"/>
      </object_component>
      <object_component id="oc-24">
         <name>.text</name>
         <load_address>0x2a28</load_address>
         <run_address>0x2a28</run_address>
         <size>0xc</size>
         <input_file_ref idref="fl-3"/>
      </object_component>
      <object_component id="oc-df">
         <name>.text:SSIDataPut</name>
         <load_address>0x2a34</load_address>
         <run_address>0x2a34</run_address>
         <size>0xa</size>
         <input_file_ref idref="fl-e1"/>
      </object_component>
      <object_component id="oc-15d">
         <name>.text:SSIEnable</name>
         <load_address>0x2a3e</load_address>
         <run_address>0x2a3e</run_address>
         <size>0xa</size>
         <input_file_ref idref="fl-e1"/>
      </object_component>
      <object_component id="oc-f1">
         <name>.text:UARTIntStatus</name>
         <load_address>0x2a48</load_address>
         <run_address>0x2a48</run_address>
         <size>0xa</size>
         <input_file_ref idref="fl-df"/>
      </object_component>
      <object_component id="oc-200">
         <name>.text:_outc</name>
         <load_address>0x2a52</load_address>
         <run_address>0x2a52</run_address>
         <size>0xa</size>
         <input_file_ref idref="fl-be"/>
      </object_component>
      <object_component id="oc-eb">
         <name>.text:SSIBusy</name>
         <load_address>0x2a5c</load_address>
         <run_address>0x2a5c</run_address>
         <size>0x8</size>
         <input_file_ref idref="fl-e1"/>
      </object_component>
      <object_component id="oc-133">
         <name>.text:UARTIntEnable</name>
         <load_address>0x2a64</load_address>
         <run_address>0x2a64</run_address>
         <size>0x8</size>
         <input_file_ref idref="fl-df"/>
      </object_component>
      <object_component id="oc-289">
         <name>.text:__aeabi_errno_addr</name>
         <load_address>0x2a6c</load_address>
         <run_address>0x2a6c</run_address>
         <size>0x8</size>
         <input_file_ref idref="fl-d9"/>
      </object_component>
      <object_component id="oc-d9">
         <name>.text:GPIOPinWrite</name>
         <load_address>0x2a74</load_address>
         <run_address>0x2a74</run_address>
         <size>0x6</size>
         <input_file_ref idref="fl-e3"/>
      </object_component>
      <object_component id="oc-cc">
         <name>.text:SysCtlDelay</name>
         <load_address>0x2a7a</load_address>
         <run_address>0x2a7a</run_address>
         <size>0x6</size>
         <input_file_ref idref="fl-e0"/>
      </object_component>
      <object_component id="oc-121">
         <name>.text:UARTClockSourceSet</name>
         <load_address>0x2a80</load_address>
         <run_address>0x2a80</run_address>
         <size>0x6</size>
         <input_file_ref idref="fl-df"/>
      </object_component>
      <object_component id="oc-f7">
         <name>.text:UARTIntClear</name>
         <load_address>0x2a86</load_address>
         <run_address>0x2a86</run_address>
         <size>0x4</size>
         <input_file_ref idref="fl-df"/>
      </object_component>
      <object_component id="oc-92">
         <name>.text:_system_pre_init</name>
         <load_address>0x2a8a</load_address>
         <run_address>0x2a8a</run_address>
         <size>0x4</size>
         <input_file_ref idref="fl-ce"/>
      </object_component>
      <object_component id="oc-16b">
         <name>.text:abort:abort</name>
         <load_address>0x2a8e</load_address>
         <run_address>0x2a8e</run_address>
         <size>0x4</size>
         <input_file_ref idref="fl-d0"/>
      </object_component>
      <object_component id="oc-2c8">
         <name>.const:.string:_ctypes_</name>
         <load_address>0x2a94</load_address>
         <run_address>0x2a94</run_address>
         <size>0x101</size>
         <input_file_ref idref="fl-d4"/>
      </object_component>
      <object_component id="oc-1cd">
         <name>.const:g_pui32GPIOBaseAddrs</name>
         <load_address>0x2b98</load_address>
         <run_address>0x2b98</run_address>
         <size>0x90</size>
         <input_file_ref idref="fl-e3"/>
      </object_component>
      <object_component id="oc-1ea">
         <name>.const</name>
         <load_address>0x2c28</load_address>
         <run_address>0x2c28</run_address>
         <size>0x70</size>
         <input_file_ref idref="fl-e2"/>
      </object_component>
      <object_component id="oc-1b0">
         <name>.const:g_pui32Xtals</name>
         <load_address>0x2c98</load_address>
         <run_address>0x2c98</run_address>
         <size>0x6c</size>
         <input_file_ref idref="fl-e0"/>
      </object_component>
      <object_component id="oc-23f">
         <name>.const:g_ppui32UARTIntMap</name>
         <load_address>0x2d04</load_address>
         <run_address>0x2d04</run_address>
         <size>0x40</size>
         <input_file_ref idref="fl-df"/>
      </object_component>
      <object_component id="oc-242">
         <name>.const:g_ppui32UARTIntMapSnowflake</name>
         <load_address>0x2d44</load_address>
         <run_address>0x2d44</run_address>
         <size>0x40</size>
         <input_file_ref idref="fl-df"/>
      </object_component>
      <object_component id="oc-3c8">
         <name>__TI_handler_table</name>
         <load_address>0x2d88</load_address>
         <run_address>0x2d88</run_address>
         <size>0xc</size>
      </object_component>
      <object_component id="oc-3cc">
         <name>.cinit..bss.load</name>
         <load_address>0x2d98</load_address>
         <run_address>0x2d98</run_address>
         <size>0x8</size>
      </object_component>
      <object_component id="oc-3ca">
         <name>.cinit..vtable.load</name>
         <load_address>0x2da0</load_address>
         <run_address>0x2da0</run_address>
         <size>0x8</size>
      </object_component>
      <object_component id="oc-3cb">
         <name>.cinit..data.load</name>
         <load_address>0x2da8</load_address>
         <run_address>0x2da8</run_address>
         <size>0x7</size>
      </object_component>
      <object_component id="oc-3c9">
         <name>__TI_cinit_table</name>
         <load_address>0x2db0</load_address>
         <run_address>0x2db0</run_address>
         <size>0x18</size>
      </object_component>
      <object_component id="oc-246">
         <name>.vtable</name>
         <uninitialized>true</uninitialized>
         <run_address>0x20000000</run_address>
         <size>0x26c</size>
         <input_file_ref idref="fl-e2"/>
      </object_component>
      <object_component id="oc-32f">
         <name>.data</name>
         <load_address>0x2000026c</load_address>
         <run_address>0x2000026c</run_address>
         <size>0x4</size>
         <input_file_ref idref="fl-d9"/>
      </object_component>
      <object_component id="oc-169">
         <name>.common:ui32buf_Rx</name>
         <uninitialized>true</uninitialized>
         <run_address>0x20000470</run_address>
         <size>0xc</size>
      </object_component>
      <object_component id="oc-21">
         <name>.stack</name>
         <uninitialized>true</uninitialized>
         <run_address>0x20000270</run_address>
         <size>0x4</size>
         <input_file_ref idref="fl-c3"/>
      </object_component>
      <object_component id="oc-3cd">
         <name>.stack</name>
         <uninitialized>true</uninitialized>
         <run_address>0x20000270</run_address>
         <size>0x0</size>
      </object_component>
      <object_component id="oc-b4">
         <name>.debug_info</name>
         <load_address>0x0</load_address>
         <run_address>0x0</run_address>
         <size>0x940</size>
         <input_file_ref idref="fl-2"/>
      </object_component>
      <object_component id="oc-9a">
         <name>.debug_info</name>
         <load_address>0x940</load_address>
         <run_address>0x940</run_address>
         <size>0xc16</size>
         <input_file_ref idref="fl-2"/>
      </object_component>
      <object_component id="oc-6d">
         <name>.debug_info</name>
         <load_address>0x1556</load_address>
         <run_address>0x1556</run_address>
         <size>0x26b</size>
         <input_file_ref idref="fl-2"/>
      </object_component>
      <object_component id="oc-af">
         <name>.debug_info</name>
         <load_address>0x17c1</load_address>
         <run_address>0x17c1</run_address>
         <size>0x8b</size>
         <input_file_ref idref="fl-2"/>
      </object_component>
      <object_component id="oc-aa">
         <name>.debug_info</name>
         <load_address>0x184c</load_address>
         <run_address>0x184c</run_address>
         <size>0x297</size>
         <input_file_ref idref="fl-2"/>
      </object_component>
      <object_component id="oc-72">
         <name>.debug_info</name>
         <load_address>0x1ae3</load_address>
         <run_address>0x1ae3</run_address>
         <size>0xbb</size>
         <input_file_ref idref="fl-2"/>
      </object_component>
      <object_component id="oc-208">
         <name>.debug_info</name>
         <load_address>0x1b9e</load_address>
         <run_address>0x1b9e</run_address>
         <size>0x2c</size>
         <input_file_ref idref="fl-2"/>
      </object_component>
      <object_component id="oc-1ab">
         <name>.debug_info</name>
         <load_address>0x1bca</load_address>
         <run_address>0x1bca</run_address>
         <size>0x35</size>
         <input_file_ref idref="fl-2"/>
      </object_component>
      <object_component id="oc-2c">
         <name>.debug_info</name>
         <load_address>0x1bff</load_address>
         <run_address>0x1bff</run_address>
         <size>0x2b7</size>
         <input_file_ref idref="fl-3"/>
      </object_component>
      <object_component id="oc-10">
         <name>.debug_info</name>
         <load_address>0x1eb6</load_address>
         <run_address>0x1eb6</run_address>
         <size>0xf6</size>
         <input_file_ref idref="fl-3"/>
      </object_component>
      <object_component id="oc-26">
         <name>.debug_info</name>
         <load_address>0x1fac</load_address>
         <run_address>0x1fac</run_address>
         <size>0x272</size>
         <input_file_ref idref="fl-3"/>
      </object_component>
      <object_component id="oc-33">
         <name>.debug_info</name>
         <load_address>0x221e</load_address>
         <run_address>0x221e</run_address>
         <size>0x84</size>
         <input_file_ref idref="fl-3"/>
      </object_component>
      <object_component id="oc-207">
         <name>.debug_info</name>
         <load_address>0x22a2</load_address>
         <run_address>0x22a2</run_address>
         <size>0x332</size>
         <input_file_ref idref="fl-be"/>
      </object_component>
      <object_component id="oc-164">
         <name>.debug_info</name>
         <load_address>0x25d4</load_address>
         <run_address>0x25d4</run_address>
         <size>0x1d0</size>
         <input_file_ref idref="fl-be"/>
      </object_component>
      <object_component id="oc-1fb">
         <name>.debug_info</name>
         <load_address>0x27a4</load_address>
         <run_address>0x27a4</run_address>
         <size>0x18c</size>
         <input_file_ref idref="fl-be"/>
      </object_component>
      <object_component id="oc-204">
         <name>.debug_info</name>
         <load_address>0x2930</load_address>
         <run_address>0x2930</run_address>
         <size>0x16c</size>
         <input_file_ref idref="fl-be"/>
      </object_component>
      <object_component id="oc-336">
         <name>.debug_info</name>
         <load_address>0x2a9c</load_address>
         <run_address>0x2a9c</run_address>
         <size>0x2c</size>
         <input_file_ref idref="fl-be"/>
      </object_component>
      <object_component id="oc-3a">
         <name>.debug_info</name>
         <load_address>0x2ac8</load_address>
         <run_address>0x2ac8</run_address>
         <size>0x118</size>
         <input_file_ref idref="fl-bf"/>
      </object_component>
      <object_component id="oc-8b">
         <name>.debug_info</name>
         <load_address>0x2be0</load_address>
         <run_address>0x2be0</run_address>
         <size>0x2d3</size>
         <input_file_ref idref="fl-c0"/>
      </object_component>
      <object_component id="oc-47">
         <name>.debug_info</name>
         <load_address>0x2eb3</load_address>
         <run_address>0x2eb3</run_address>
         <size>0x1d1</size>
         <input_file_ref idref="fl-c0"/>
      </object_component>
      <object_component id="oc-86">
         <name>.debug_info</name>
         <load_address>0x3084</load_address>
         <run_address>0x3084</run_address>
         <size>0x46</size>
         <input_file_ref idref="fl-c0"/>
      </object_component>
      <object_component id="oc-bd">
         <name>.debug_info</name>
         <load_address>0x30ca</load_address>
         <run_address>0x30ca</run_address>
         <size>0x2c</size>
         <input_file_ref idref="fl-c0"/>
      </object_component>
      <object_component id="oc-43">
         <name>.debug_info</name>
         <load_address>0x30f6</load_address>
         <run_address>0x30f6</run_address>
         <size>0x2a7</size>
         <input_file_ref idref="fl-c1"/>
      </object_component>
      <object_component id="oc-19">
         <name>.debug_info</name>
         <load_address>0x339d</load_address>
         <run_address>0x339d</run_address>
         <size>0x1e9</size>
         <input_file_ref idref="fl-c1"/>
      </object_component>
      <object_component id="oc-3e">
         <name>.debug_info</name>
         <load_address>0x3586</load_address>
         <run_address>0x3586</run_address>
         <size>0x46</size>
         <input_file_ref idref="fl-c1"/>
      </object_component>
      <object_component id="oc-7e">
         <name>.debug_info</name>
         <load_address>0x35cc</load_address>
         <run_address>0x35cc</run_address>
         <size>0x2c</size>
         <input_file_ref idref="fl-c1"/>
      </object_component>
      <object_component id="oc-7c">
         <name>.debug_info</name>
         <load_address>0x35f8</load_address>
         <run_address>0x35f8</run_address>
         <size>0x29d</size>
         <input_file_ref idref="fl-c2"/>
      </object_component>
      <object_component id="oc-13">
         <name>.debug_info</name>
         <load_address>0x3895</load_address>
         <run_address>0x3895</run_address>
         <size>0x24f</size>
         <input_file_ref idref="fl-c2"/>
      </object_component>
      <object_component id="oc-2e">
         <name>.debug_info</name>
         <load_address>0x3ae4</load_address>
         <run_address>0x3ae4</run_address>
         <size>0x60</size>
         <input_file_ref idref="fl-c2"/>
      </object_component>
      <object_component id="oc-b6">
         <name>.debug_info</name>
         <load_address>0x3b44</load_address>
         <run_address>0x3b44</run_address>
         <size>0x46</size>
         <input_file_ref idref="fl-c2"/>
      </object_component>
      <object_component id="oc-77">
         <name>.debug_info</name>
         <load_address>0x3b8a</load_address>
         <run_address>0x3b8a</run_address>
         <size>0x39</size>
         <input_file_ref idref="fl-c2"/>
      </object_component>
      <object_component id="oc-22">
         <name>.debug_info</name>
         <load_address>0x3bc3</load_address>
         <run_address>0x3bc3</run_address>
         <size>0x10a</size>
         <input_file_ref idref="fl-c3"/>
      </object_component>
      <object_component id="oc-58">
         <name>.debug_info</name>
         <load_address>0x3ccd</load_address>
         <run_address>0x3ccd</run_address>
         <size>0x1a8</size>
         <input_file_ref idref="fl-c3"/>
      </object_component>
      <object_component id="oc-290">
         <name>.debug_info</name>
         <load_address>0x3e75</load_address>
         <run_address>0x3e75</run_address>
         <size>0x57a</size>
         <input_file_ref idref="fl-c4"/>
      </object_component>
      <object_component id="oc-25b">
         <name>.debug_info</name>
         <load_address>0x43ef</load_address>
         <run_address>0x43ef</run_address>
         <size>0x21d</size>
         <input_file_ref idref="fl-c4"/>
      </object_component>
      <object_component id="oc-2fa">
         <name>.debug_info</name>
         <load_address>0x460c</load_address>
         <run_address>0x460c</run_address>
         <size>0x1b2</size>
         <input_file_ref idref="fl-c4"/>
      </object_component>
      <object_component id="oc-300">
         <name>.debug_info</name>
         <load_address>0x47be</load_address>
         <run_address>0x47be</run_address>
         <size>0x21a</size>
         <input_file_ref idref="fl-c4"/>
      </object_component>
      <object_component id="oc-267">
         <name>.debug_info</name>
         <load_address>0x49d8</load_address>
         <run_address>0x49d8</run_address>
         <size>0x3ba</size>
         <input_file_ref idref="fl-c4"/>
      </object_component>
      <object_component id="oc-307">
         <name>.debug_info</name>
         <load_address>0x4d92</load_address>
         <run_address>0x4d92</run_address>
         <size>0x304</size>
         <input_file_ref idref="fl-c4"/>
      </object_component>
      <object_component id="oc-30e">
         <name>.debug_info</name>
         <load_address>0x5096</load_address>
         <run_address>0x5096</run_address>
         <size>0x214</size>
         <input_file_ref idref="fl-c4"/>
      </object_component>
      <object_component id="oc-26d">
         <name>.debug_info</name>
         <load_address>0x52aa</load_address>
         <run_address>0x52aa</run_address>
         <size>0x214</size>
         <input_file_ref idref="fl-c4"/>
      </object_component>
      <object_component id="oc-274">
         <name>.debug_info</name>
         <load_address>0x54be</load_address>
         <run_address>0x54be</run_address>
         <size>0x303</size>
         <input_file_ref idref="fl-c4"/>
      </object_component>
      <object_component id="oc-279">
         <name>.debug_info</name>
         <load_address>0x57c1</load_address>
         <run_address>0x57c1</run_address>
         <size>0x4af</size>
         <input_file_ref idref="fl-c4"/>
      </object_component>
      <object_component id="oc-1f6">
         <name>.debug_info</name>
         <load_address>0x5c70</load_address>
         <run_address>0x5c70</run_address>
         <size>0x5f3</size>
         <input_file_ref idref="fl-c4"/>
      </object_component>
      <object_component id="oc-291">
         <name>.debug_info</name>
         <load_address>0x6263</load_address>
         <run_address>0x6263</run_address>
         <size>0x86</size>
         <input_file_ref idref="fl-c4"/>
      </object_component>
      <object_component id="oc-33b">
         <name>.debug_info</name>
         <load_address>0x62e9</load_address>
         <run_address>0x62e9</run_address>
         <size>0x39</size>
         <input_file_ref idref="fl-c4"/>
      </object_component>
      <object_component id="oc-38b">
         <name>.debug_info</name>
         <load_address>0x6322</load_address>
         <run_address>0x6322</run_address>
         <size>0xb6</size>
         <input_file_ref idref="fl-c4"/>
      </object_component>
      <object_component id="oc-340">
         <name>.debug_info</name>
         <load_address>0x63d8</load_address>
         <run_address>0x63d8</run_address>
         <size>0x46</size>
         <input_file_ref idref="fl-c4"/>
      </object_component>
      <object_component id="oc-296">
         <name>.debug_info</name>
         <load_address>0x641e</load_address>
         <run_address>0x641e</run_address>
         <size>0x46</size>
         <input_file_ref idref="fl-c4"/>
      </object_component>
      <object_component id="oc-2f6">
         <name>.debug_info</name>
         <load_address>0x6464</load_address>
         <run_address>0x6464</run_address>
         <size>0x14b</size>
         <input_file_ref idref="fl-c5"/>
      </object_component>
      <object_component id="oc-261">
         <name>.debug_info</name>
         <load_address>0x65af</load_address>
         <run_address>0x65af</run_address>
         <size>0x127</size>
         <input_file_ref idref="fl-c6"/>
      </object_component>
      <object_component id="oc-2df">
         <name>.debug_info</name>
         <load_address>0x66d6</load_address>
         <run_address>0x66d6</run_address>
         <size>0x129</size>
         <input_file_ref idref="fl-c6"/>
      </object_component>
      <object_component id="oc-2da">
         <name>.debug_info</name>
         <load_address>0x67ff</load_address>
         <run_address>0x67ff</run_address>
         <size>0x139</size>
         <input_file_ref idref="fl-c7"/>
      </object_component>
      <object_component id="oc-2d5">
         <name>.debug_info</name>
         <load_address>0x6938</load_address>
         <run_address>0x6938</run_address>
         <size>0x139</size>
         <input_file_ref idref="fl-c8"/>
      </object_component>
      <object_component id="oc-2e4">
         <name>.debug_info</name>
         <load_address>0x6a71</load_address>
         <run_address>0x6a71</run_address>
         <size>0x12d</size>
         <input_file_ref idref="fl-c9"/>
      </object_component>
      <object_component id="oc-2f1">
         <name>.debug_info</name>
         <load_address>0x6b9e</load_address>
         <run_address>0x6b9e</run_address>
         <size>0x12b</size>
         <input_file_ref idref="fl-ca"/>
      </object_component>
      <object_component id="oc-2ce">
         <name>.debug_info</name>
         <load_address>0x6cc9</load_address>
         <run_address>0x6cc9</run_address>
         <size>0x133</size>
         <input_file_ref idref="fl-cb"/>
      </object_component>
      <object_component id="oc-8e">
         <name>.debug_info</name>
         <load_address>0x6dfc</load_address>
         <run_address>0x6dfc</run_address>
         <size>0x146</size>
         <input_file_ref idref="fl-cc"/>
      </object_component>
      <object_component id="oc-218">
         <name>.debug_info</name>
         <load_address>0x6f42</load_address>
         <run_address>0x6f42</run_address>
         <size>0x4b2</size>
         <input_file_ref idref="fl-cd"/>
      </object_component>
      <object_component id="oc-17b">
         <name>.debug_info</name>
         <load_address>0x73f4</load_address>
         <run_address>0x73f4</run_address>
         <size>0x1a5</size>
         <input_file_ref idref="fl-cd"/>
      </object_component>
      <object_component id="oc-2af">
         <name>.debug_info</name>
         <load_address>0x7599</load_address>
         <run_address>0x7599</run_address>
         <size>0x39</size>
         <input_file_ref idref="fl-cd"/>
      </object_component>
      <object_component id="oc-348">
         <name>.debug_info</name>
         <load_address>0x75d2</load_address>
         <run_address>0x75d2</run_address>
         <size>0x39</size>
         <input_file_ref idref="fl-cd"/>
      </object_component>
      <object_component id="oc-2b4">
         <name>.debug_info</name>
         <load_address>0x760b</load_address>
         <run_address>0x760b</run_address>
         <size>0x39</size>
         <input_file_ref idref="fl-cd"/>
      </object_component>
      <object_component id="oc-2b9">
         <name>.debug_info</name>
         <load_address>0x7644</load_address>
         <run_address>0x7644</run_address>
         <size>0xcd</size>
         <input_file_ref idref="fl-cd"/>
      </object_component>
      <object_component id="oc-93">
         <name>.debug_info</name>
         <load_address>0x7711</load_address>
         <run_address>0x7711</run_address>
         <size>0x152</size>
         <input_file_ref idref="fl-ce"/>
      </object_component>
      <object_component id="oc-16c">
         <name>.debug_info</name>
         <load_address>0x7863</load_address>
         <run_address>0x7863</run_address>
         <size>0x121</size>
         <input_file_ref idref="fl-d0"/>
      </object_component>
      <object_component id="oc-2cc">
         <name>.debug_info</name>
         <load_address>0x7984</load_address>
         <run_address>0x7984</run_address>
         <size>0x2b8</size>
         <input_file_ref idref="fl-d3"/>
      </object_component>
      <object_component id="oc-258">
         <name>.debug_info</name>
         <load_address>0x7c3c</load_address>
         <run_address>0x7c3c</run_address>
         <size>0x17b</size>
         <input_file_ref idref="fl-d3"/>
      </object_component>
      <object_component id="oc-358">
         <name>.debug_info</name>
         <load_address>0x7db7</load_address>
         <run_address>0x7db7</run_address>
         <size>0xf8</size>
         <input_file_ref idref="fl-d4"/>
      </object_component>
      <object_component id="oc-2c9">
         <name>.debug_info</name>
         <load_address>0x7eaf</load_address>
         <run_address>0x7eaf</run_address>
         <size>0x104</size>
         <input_file_ref idref="fl-d4"/>
      </object_component>
      <object_component id="oc-366">
         <name>.debug_info</name>
         <load_address>0x7fb3</load_address>
         <run_address>0x7fb3</run_address>
         <size>0x29a</size>
         <input_file_ref idref="fl-d5"/>
      </object_component>
      <object_component id="oc-2ea">
         <name>.debug_info</name>
         <load_address>0x824d</load_address>
         <run_address>0x824d</run_address>
         <size>0x1cc</size>
         <input_file_ref idref="fl-d5"/>
      </object_component>
      <object_component id="oc-327">
         <name>.debug_info</name>
         <load_address>0x8419</load_address>
         <run_address>0x8419</run_address>
         <size>0x295</size>
         <input_file_ref idref="fl-d6"/>
      </object_component>
      <object_component id="oc-27e">
         <name>.debug_info</name>
         <load_address>0x86ae</load_address>
         <run_address>0x86ae</run_address>
         <size>0x1b5</size>
         <input_file_ref idref="fl-d6"/>
      </object_component>
      <object_component id="oc-37d">
         <name>.debug_info</name>
         <load_address>0x8863</load_address>
         <run_address>0x8863</run_address>
         <size>0x299</size>
         <input_file_ref idref="fl-d7"/>
      </object_component>
      <object_component id="oc-321">
         <name>.debug_info</name>
         <load_address>0x8afc</load_address>
         <run_address>0x8afc</run_address>
         <size>0x25d</size>
         <input_file_ref idref="fl-d7"/>
      </object_component>
      <object_component id="oc-2c7">
         <name>.debug_info</name>
         <load_address>0x8d59</load_address>
         <run_address>0x8d59</run_address>
         <size>0x28e</size>
         <input_file_ref idref="fl-d8"/>
      </object_component>
      <object_component id="oc-250">
         <name>.debug_info</name>
         <load_address>0x8fe7</load_address>
         <run_address>0x8fe7</run_address>
         <size>0x240</size>
         <input_file_ref idref="fl-d8"/>
      </object_component>
      <object_component id="oc-333">
         <name>.debug_info</name>
         <load_address>0x9227</load_address>
         <run_address>0x9227</run_address>
         <size>0x288</size>
         <input_file_ref idref="fl-d9"/>
      </object_component>
      <object_component id="oc-330">
         <name>.debug_info</name>
         <load_address>0x94af</load_address>
         <run_address>0x94af</run_address>
         <size>0x10d</size>
         <input_file_ref idref="fl-d9"/>
      </object_component>
      <object_component id="oc-28a">
         <name>.debug_info</name>
         <load_address>0x95bc</load_address>
         <run_address>0x95bc</run_address>
         <size>0x14d</size>
         <input_file_ref idref="fl-d9"/>
      </object_component>
      <object_component id="oc-32e">
         <name>.debug_info</name>
         <load_address>0x9709</load_address>
         <run_address>0x9709</run_address>
         <size>0x28e</size>
         <input_file_ref idref="fl-da"/>
      </object_component>
      <object_component id="oc-286">
         <name>.debug_info</name>
         <load_address>0x9997</load_address>
         <run_address>0x9997</run_address>
         <size>0x159</size>
         <input_file_ref idref="fl-da"/>
      </object_component>
      <object_component id="oc-380">
         <name>.debug_info</name>
         <load_address>0x9af0</load_address>
         <run_address>0x9af0</run_address>
         <size>0x46</size>
         <input_file_ref idref="fl-da"/>
      </object_component>
      <object_component id="oc-329">
         <name>.debug_info</name>
         <load_address>0x9b36</load_address>
         <run_address>0x9b36</run_address>
         <size>0x39</size>
         <input_file_ref idref="fl-da"/>
      </object_component>
      <object_component id="oc-36e">
         <name>.debug_info</name>
         <load_address>0x9b6f</load_address>
         <run_address>0x9b6f</run_address>
         <size>0x299</size>
         <input_file_ref idref="fl-db"/>
      </object_component>
      <object_component id="oc-314">
         <name>.debug_info</name>
         <load_address>0x9e08</load_address>
         <run_address>0x9e08</run_address>
         <size>0x194</size>
         <input_file_ref idref="fl-db"/>
      </object_component>
      <object_component id="oc-397">
         <name>.debug_info</name>
         <load_address>0x9f9c</load_address>
         <run_address>0x9f9c</run_address>
         <size>0x39</size>
         <input_file_ref idref="fl-db"/>
      </object_component>
      <object_component id="oc-36f">
         <name>.debug_info</name>
         <load_address>0x9fd5</load_address>
         <run_address>0x9fd5</run_address>
         <size>0x2c</size>
         <input_file_ref idref="fl-db"/>
      </object_component>
      <object_component id="oc-37b">
         <name>.debug_info</name>
         <load_address>0xa001</load_address>
         <run_address>0xa001</run_address>
         <size>0x2fc</size>
         <input_file_ref idref="fl-dc"/>
      </object_component>
      <object_component id="oc-31b">
         <name>.debug_info</name>
         <load_address>0xa2fd</load_address>
         <run_address>0xa2fd</run_address>
         <size>0x224</size>
         <input_file_ref idref="fl-dc"/>
      </object_component>
      <object_component id="oc-35d">
         <name>.debug_info</name>
         <load_address>0xa521</load_address>
         <run_address>0xa521</run_address>
         <size>0x114</size>
         <input_file_ref idref="fl-dd"/>
      </object_component>
      <object_component id="oc-376">
         <name>.debug_info</name>
         <load_address>0xa635</load_address>
         <run_address>0xa635</run_address>
         <size>0x160</size>
         <input_file_ref idref="fl-de"/>
      </object_component>
      <object_component id="oc-1bf">
         <name>.debug_info</name>
         <load_address>0xa795</load_address>
         <run_address>0xa795</run_address>
         <size>0x1ce</size>
         <input_file_ref idref="fl-df"/>
      </object_component>
      <object_component id="oc-240">
         <name>.debug_info</name>
         <load_address>0xa963</load_address>
         <run_address>0xa963</run_address>
         <size>0x109</size>
         <input_file_ref idref="fl-df"/>
      </object_component>
      <object_component id="oc-243">
         <name>.debug_info</name>
         <load_address>0xaa6c</load_address>
         <run_address>0xaa6c</run_address>
         <size>0x11b</size>
         <input_file_ref idref="fl-df"/>
      </object_component>
      <object_component id="oc-cf">
         <name>.debug_info</name>
         <load_address>0xab87</load_address>
         <run_address>0xab87</run_address>
         <size>0x1b7</size>
         <input_file_ref idref="fl-df"/>
      </object_component>
      <object_component id="oc-1dc">
         <name>.debug_info</name>
         <load_address>0xad3e</load_address>
         <run_address>0xad3e</run_address>
         <size>0x26f</size>
         <input_file_ref idref="fl-df"/>
      </object_component>
      <object_component id="oc-f2">
         <name>.debug_info</name>
         <load_address>0xafad</load_address>
         <run_address>0xafad</run_address>
         <size>0x1e3</size>
         <input_file_ref idref="fl-df"/>
      </object_component>
      <object_component id="oc-12e">
         <name>.debug_info</name>
         <load_address>0xb190</load_address>
         <run_address>0xb190</run_address>
         <size>0x1f3</size>
         <input_file_ref idref="fl-df"/>
      </object_component>
      <object_component id="oc-134">
         <name>.debug_info</name>
         <load_address>0xb383</load_address>
         <run_address>0xb383</run_address>
         <size>0x1f3</size>
         <input_file_ref idref="fl-df"/>
      </object_component>
      <object_component id="oc-f8">
         <name>.debug_info</name>
         <load_address>0xb576</load_address>
         <run_address>0xb576</run_address>
         <size>0x1f1</size>
         <input_file_ref idref="fl-df"/>
      </object_component>
      <object_component id="oc-13a">
         <name>.debug_info</name>
         <load_address>0xb767</load_address>
         <run_address>0xb767</run_address>
         <size>0x1ab</size>
         <input_file_ref idref="fl-df"/>
      </object_component>
      <object_component id="oc-11c">
         <name>.debug_info</name>
         <load_address>0xb912</load_address>
         <run_address>0xb912</run_address>
         <size>0x233</size>
         <input_file_ref idref="fl-df"/>
      </object_component>
      <object_component id="oc-128">
         <name>.debug_info</name>
         <load_address>0xbb45</load_address>
         <run_address>0xbb45</run_address>
         <size>0x28a</size>
         <input_file_ref idref="fl-df"/>
      </object_component>
      <object_component id="oc-122">
         <name>.debug_info</name>
         <load_address>0xbdcf</load_address>
         <run_address>0xbdcf</run_address>
         <size>0x1f5</size>
         <input_file_ref idref="fl-df"/>
      </object_component>
      <object_component id="oc-d4">
         <name>.debug_info</name>
         <load_address>0xbfc4</load_address>
         <run_address>0xbfc4</run_address>
         <size>0x1f1</size>
         <input_file_ref idref="fl-df"/>
      </object_component>
      <object_component id="oc-fe">
         <name>.debug_info</name>
         <load_address>0xc1b5</load_address>
         <run_address>0xc1b5</run_address>
         <size>0x1c7</size>
         <input_file_ref idref="fl-df"/>
      </object_component>
      <object_component id="oc-1ba">
         <name>.debug_info</name>
         <load_address>0xc37c</load_address>
         <run_address>0xc37c</run_address>
         <size>0x90</size>
         <input_file_ref idref="fl-df"/>
      </object_component>
      <object_component id="oc-1b4">
         <name>.debug_info</name>
         <load_address>0xc40c</load_address>
         <run_address>0xc40c</run_address>
         <size>0x18b</size>
         <input_file_ref idref="fl-df"/>
      </object_component>
      <object_component id="oc-1cb">
         <name>.debug_info</name>
         <load_address>0xc597</load_address>
         <run_address>0xc597</run_address>
         <size>0x226</size>
         <input_file_ref idref="fl-e0"/>
      </object_component>
      <object_component id="oc-1b1">
         <name>.debug_info</name>
         <load_address>0xc7bd</load_address>
         <run_address>0xc7bd</run_address>
         <size>0xff</size>
         <input_file_ref idref="fl-e0"/>
      </object_component>
      <object_component id="oc-10a">
         <name>.debug_info</name>
         <load_address>0xc8bc</load_address>
         <run_address>0xc8bc</run_address>
         <size>0x1e1</size>
         <input_file_ref idref="fl-e0"/>
      </object_component>
      <object_component id="oc-104">
         <name>.debug_info</name>
         <load_address>0xca9d</load_address>
         <run_address>0xca9d</run_address>
         <size>0x363</size>
         <input_file_ref idref="fl-e0"/>
      </object_component>
      <object_component id="oc-c7">
         <name>.debug_info</name>
         <load_address>0xce00</load_address>
         <run_address>0xce00</run_address>
         <size>0x219</size>
         <input_file_ref idref="fl-e0"/>
      </object_component>
      <object_component id="oc-237">
         <name>.debug_info</name>
         <load_address>0xd019</load_address>
         <run_address>0xd019</run_address>
         <size>0x5f</size>
         <input_file_ref idref="fl-e0"/>
      </object_component>
      <object_component id="oc-1c4">
         <name>.debug_info</name>
         <load_address>0xd078</load_address>
         <run_address>0xd078</run_address>
         <size>0x1c3</size>
         <input_file_ref idref="fl-e1"/>
      </object_component>
      <object_component id="oc-161">
         <name>.debug_info</name>
         <load_address>0xd23b</load_address>
         <run_address>0xd23b</run_address>
         <size>0x1a6</size>
         <input_file_ref idref="fl-e1"/>
      </object_component>
      <object_component id="oc-e3">
         <name>.debug_info</name>
         <load_address>0xd3e1</load_address>
         <run_address>0xd3e1</run_address>
         <size>0x25f</size>
         <input_file_ref idref="fl-e1"/>
      </object_component>
      <object_component id="oc-e9">
         <name>.debug_info</name>
         <load_address>0xd640</load_address>
         <run_address>0xd640</run_address>
         <size>0x263</size>
         <input_file_ref idref="fl-e1"/>
      </object_component>
      <object_component id="oc-15b">
         <name>.debug_info</name>
         <load_address>0xd8a3</load_address>
         <run_address>0xd8a3</run_address>
         <size>0x3c2</size>
         <input_file_ref idref="fl-e1"/>
      </object_component>
      <object_component id="oc-ed">
         <name>.debug_info</name>
         <load_address>0xdc65</load_address>
         <run_address>0xdc65</run_address>
         <size>0x1a6</size>
         <input_file_ref idref="fl-e1"/>
      </object_component>
      <object_component id="oc-1ee">
         <name>.debug_info</name>
         <load_address>0xde0b</load_address>
         <run_address>0xde0b</run_address>
         <size>0x1ba</size>
         <input_file_ref idref="fl-e2"/>
      </object_component>
      <object_component id="oc-1eb">
         <name>.debug_info</name>
         <load_address>0xdfc5</load_address>
         <run_address>0xdfc5</run_address>
         <size>0x1c2</size>
         <input_file_ref idref="fl-e2"/>
      </object_component>
      <object_component id="oc-247">
         <name>.debug_info</name>
         <load_address>0xe187</load_address>
         <run_address>0xe187</run_address>
         <size>0x109</size>
         <input_file_ref idref="fl-e2"/>
      </object_component>
      <object_component id="oc-1e3">
         <name>.debug_info</name>
         <load_address>0xe290</load_address>
         <run_address>0xe290</run_address>
         <size>0x2b0</size>
         <input_file_ref idref="fl-e2"/>
      </object_component>
      <object_component id="oc-141">
         <name>.debug_info</name>
         <load_address>0xe540</load_address>
         <run_address>0xe540</run_address>
         <size>0x1cc</size>
         <input_file_ref idref="fl-e2"/>
      </object_component>
      <object_component id="oc-1c2">
         <name>.debug_info</name>
         <load_address>0xe70c</load_address>
         <run_address>0xe70c</run_address>
         <size>0x1d7</size>
         <input_file_ref idref="fl-e3"/>
      </object_component>
      <object_component id="oc-1ce">
         <name>.debug_info</name>
         <load_address>0xe8e3</load_address>
         <run_address>0xe8e3</run_address>
         <size>0x10d</size>
         <input_file_ref idref="fl-e3"/>
      </object_component>
      <object_component id="oc-da">
         <name>.debug_info</name>
         <load_address>0xe9f0</load_address>
         <run_address>0xe9f0</run_address>
         <size>0x207</size>
         <input_file_ref idref="fl-e3"/>
      </object_component>
      <object_component id="oc-1d2">
         <name>.debug_info</name>
         <load_address>0xebf7</load_address>
         <run_address>0xebf7</run_address>
         <size>0x217</size>
         <input_file_ref idref="fl-e3"/>
      </object_component>
      <object_component id="oc-14c">
         <name>.debug_info</name>
         <load_address>0xee0e</load_address>
         <run_address>0xee0e</run_address>
         <size>0x312</size>
         <input_file_ref idref="fl-e3"/>
      </object_component>
      <object_component id="oc-116">
         <name>.debug_info</name>
         <load_address>0xf120</load_address>
         <run_address>0xf120</run_address>
         <size>0x1df</size>
         <input_file_ref idref="fl-e3"/>
      </object_component>
      <object_component id="oc-152">
         <name>.debug_info</name>
         <load_address>0xf2ff</load_address>
         <run_address>0xf2ff</run_address>
         <size>0x1dd</size>
         <input_file_ref idref="fl-e3"/>
      </object_component>
      <object_component id="oc-147">
         <name>.debug_info</name>
         <load_address>0xf4dc</load_address>
         <run_address>0xf4dc</run_address>
         <size>0x1eb</size>
         <input_file_ref idref="fl-e3"/>
      </object_component>
      <object_component id="oc-111">
         <name>.debug_info</name>
         <load_address>0xf6c7</load_address>
         <run_address>0xf6c7</run_address>
         <size>0x1e4</size>
         <input_file_ref idref="fl-e3"/>
      </object_component>
      <object_component id="oc-3ce">
         <name>.debug_info</name>
         <load_address>0xf8ab</load_address>
         <run_address>0xf8ab</run_address>
         <size>0xa9</size>
      </object_component>
      <object_component id="oc-1aa">
         <name>.debug_line</name>
         <load_address>0x0</load_address>
         <run_address>0x0</run_address>
         <size>0x195</size>
         <input_file_ref idref="fl-2"/>
      </object_component>
      <object_component id="oc-99">
         <name>.debug_line</name>
         <load_address>0x195</load_address>
         <run_address>0x195</run_address>
         <size>0x1cc</size>
         <input_file_ref idref="fl-2"/>
      </object_component>
      <object_component id="oc-70">
         <name>.debug_line</name>
         <load_address>0x361</load_address>
         <run_address>0x361</run_address>
         <size>0x6f</size>
         <input_file_ref idref="fl-2"/>
      </object_component>
      <object_component id="oc-b2">
         <name>.debug_line</name>
         <load_address>0x3d0</load_address>
         <run_address>0x3d0</run_address>
         <size>0x20</size>
         <input_file_ref idref="fl-2"/>
      </object_component>
      <object_component id="oc-ad">
         <name>.debug_line</name>
         <load_address>0x3f0</load_address>
         <run_address>0x3f0</run_address>
         <size>0x73</size>
         <input_file_ref idref="fl-2"/>
      </object_component>
      <object_component id="oc-75">
         <name>.debug_line</name>
         <load_address>0x463</load_address>
         <run_address>0x463</run_address>
         <size>0x70</size>
         <input_file_ref idref="fl-2"/>
      </object_component>
      <object_component id="oc-20b">
         <name>.debug_line</name>
         <load_address>0x4d3</load_address>
         <run_address>0x4d3</run_address>
         <size>0x6b</size>
         <input_file_ref idref="fl-2"/>
      </object_component>
      <object_component id="oc-1ae">
         <name>.debug_line</name>
         <load_address>0x53e</load_address>
         <run_address>0x53e</run_address>
         <size>0x72</size>
         <input_file_ref idref="fl-2"/>
      </object_component>
      <object_component id="oc-6c">
         <name>.debug_line</name>
         <load_address>0x5b0</load_address>
         <run_address>0x5b0</run_address>
         <size>0x41</size>
         <input_file_ref idref="fl-3"/>
      </object_component>
      <object_component id="oc-2b">
         <name>.debug_line</name>
         <load_address>0x5f1</load_address>
         <run_address>0x5f1</run_address>
         <size>0x41</size>
         <input_file_ref idref="fl-3"/>
      </object_component>
      <object_component id="oc-28">
         <name>.debug_line</name>
         <load_address>0x632</load_address>
         <run_address>0x632</run_address>
         <size>0xa1</size>
         <input_file_ref idref="fl-3"/>
      </object_component>
      <object_component id="oc-36">
         <name>.debug_line</name>
         <load_address>0x6d3</load_address>
         <run_address>0x6d3</run_address>
         <size>0x20</size>
         <input_file_ref idref="fl-3"/>
      </object_component>
      <object_component id="oc-29e">
         <name>.debug_line</name>
         <load_address>0x6f3</load_address>
         <run_address>0x6f3</run_address>
         <size>0x2d</size>
         <input_file_ref idref="fl-be"/>
      </object_component>
      <object_component id="oc-167">
         <name>.debug_line</name>
         <load_address>0x720</load_address>
         <run_address>0x720</run_address>
         <size>0x4b</size>
         <input_file_ref idref="fl-be"/>
      </object_component>
      <object_component id="oc-1fe">
         <name>.debug_line</name>
         <load_address>0x76b</load_address>
         <run_address>0x76b</run_address>
         <size>0x4b</size>
         <input_file_ref idref="fl-be"/>
      </object_component>
      <object_component id="oc-201">
         <name>.debug_line</name>
         <load_address>0x7b6</load_address>
         <run_address>0x7b6</run_address>
         <size>0x3f</size>
         <input_file_ref idref="fl-be"/>
      </object_component>
      <object_component id="oc-339">
         <name>.debug_line</name>
         <load_address>0x7f5</load_address>
         <run_address>0x7f5</run_address>
         <size>0x8f</size>
         <input_file_ref idref="fl-be"/>
      </object_component>
      <object_component id="oc-39">
         <name>.debug_line</name>
         <load_address>0x884</load_address>
         <run_address>0x884</run_address>
         <size>0x88</size>
         <input_file_ref idref="fl-bf"/>
      </object_component>
      <object_component id="oc-c3">
         <name>.debug_line</name>
         <load_address>0x90c</load_address>
         <run_address>0x90c</run_address>
         <size>0x90</size>
         <input_file_ref idref="fl-c0"/>
      </object_component>
      <object_component id="oc-46">
         <name>.debug_line</name>
         <load_address>0x99c</load_address>
         <run_address>0x99c</run_address>
         <size>0x56</size>
         <input_file_ref idref="fl-c0"/>
      </object_component>
      <object_component id="oc-89">
         <name>.debug_line</name>
         <load_address>0x9f2</load_address>
         <run_address>0x9f2</run_address>
         <size>0x34</size>
         <input_file_ref idref="fl-c0"/>
      </object_component>
      <object_component id="oc-c0">
         <name>.debug_line</name>
         <load_address>0xa26</load_address>
         <run_address>0xa26</run_address>
         <size>0x90</size>
         <input_file_ref idref="fl-c0"/>
      </object_component>
      <object_component id="oc-84">
         <name>.debug_line</name>
         <load_address>0xab6</load_address>
         <run_address>0xab6</run_address>
         <size>0x20</size>
         <input_file_ref idref="fl-c1"/>
      </object_component>
      <object_component id="oc-1d">
         <name>.debug_line</name>
         <load_address>0xad6</load_address>
         <run_address>0xad6</run_address>
         <size>0x55</size>
         <input_file_ref idref="fl-c1"/>
      </object_component>
      <object_component id="oc-41">
         <name>.debug_line</name>
         <load_address>0xb2b</load_address>
         <run_address>0xb2b</run_address>
         <size>0x3a</size>
         <input_file_ref idref="fl-c1"/>
      </object_component>
      <object_component id="oc-81">
         <name>.debug_line</name>
         <load_address>0xb65</load_address>
         <run_address>0xb65</run_address>
         <size>0x90</size>
         <input_file_ref idref="fl-c1"/>
      </object_component>
      <object_component id="oc-bc">
         <name>.debug_line</name>
         <load_address>0xbf5</load_address>
         <run_address>0xbf5</run_address>
         <size>0x20</size>
         <input_file_ref idref="fl-c2"/>
      </object_component>
      <object_component id="oc-16">
         <name>.debug_line</name>
         <load_address>0xc15</load_address>
         <run_address>0xc15</run_address>
         <size>0xa9</size>
         <input_file_ref idref="fl-c2"/>
      </object_component>
      <object_component id="oc-31">
         <name>.debug_line</name>
         <load_address>0xcbe</load_address>
         <run_address>0xcbe</run_address>
         <size>0x3a</size>
         <input_file_ref idref="fl-c2"/>
      </object_component>
      <object_component id="oc-b9">
         <name>.debug_line</name>
         <load_address>0xcf8</load_address>
         <run_address>0xcf8</run_address>
         <size>0x98</size>
         <input_file_ref idref="fl-c2"/>
      </object_component>
      <object_component id="oc-7a">
         <name>.debug_line</name>
         <load_address>0xd90</load_address>
         <run_address>0xd90</run_address>
         <size>0x94</size>
         <input_file_ref idref="fl-c2"/>
      </object_component>
      <object_component id="oc-69">
         <name>.debug_line</name>
         <load_address>0xe24</load_address>
         <run_address>0xe24</run_address>
         <size>0x33</size>
         <input_file_ref idref="fl-c3"/>
      </object_component>
      <object_component id="oc-57">
         <name>.debug_line</name>
         <load_address>0xe57</load_address>
         <run_address>0xe57</run_address>
         <size>0x45</size>
         <input_file_ref idref="fl-c3"/>
      </object_component>
      <object_component id="oc-335">
         <name>.debug_line</name>
         <load_address>0xe9c</load_address>
         <run_address>0xe9c</run_address>
         <size>0x25a</size>
         <input_file_ref idref="fl-c4"/>
      </object_component>
      <object_component id="oc-25f">
         <name>.debug_line</name>
         <load_address>0x10f6</load_address>
         <run_address>0x10f6</run_address>
         <size>0x7a</size>
         <input_file_ref idref="fl-c4"/>
      </object_component>
      <object_component id="oc-2fd">
         <name>.debug_line</name>
         <load_address>0x1170</load_address>
         <run_address>0x1170</run_address>
         <size>0x51</size>
         <input_file_ref idref="fl-c4"/>
      </object_component>
      <object_component id="oc-303">
         <name>.debug_line</name>
         <load_address>0x11c1</load_address>
         <run_address>0x11c1</run_address>
         <size>0x88</size>
         <input_file_ref idref="fl-c4"/>
      </object_component>
      <object_component id="oc-26a">
         <name>.debug_line</name>
         <load_address>0x1249</load_address>
         <run_address>0x1249</run_address>
         <size>0x14d</size>
         <input_file_ref idref="fl-c4"/>
      </object_component>
      <object_component id="oc-30a">
         <name>.debug_line</name>
         <load_address>0x1396</load_address>
         <run_address>0x1396</run_address>
         <size>0xee</size>
         <input_file_ref idref="fl-c4"/>
      </object_component>
      <object_component id="oc-30d">
         <name>.debug_line</name>
         <load_address>0x1484</load_address>
         <run_address>0x1484</run_address>
         <size>0x5d</size>
         <input_file_ref idref="fl-c4"/>
      </object_component>
      <object_component id="oc-270">
         <name>.debug_line</name>
         <load_address>0x14e1</load_address>
         <run_address>0x14e1</run_address>
         <size>0x5c</size>
         <input_file_ref idref="fl-c4"/>
      </object_component>
      <object_component id="oc-273">
         <name>.debug_line</name>
         <load_address>0x153d</load_address>
         <run_address>0x153d</run_address>
         <size>0xae</size>
         <input_file_ref idref="fl-c4"/>
      </object_component>
      <object_component id="oc-27c">
         <name>.debug_line</name>
         <load_address>0x15eb</load_address>
         <run_address>0x15eb</run_address>
         <size>0x1b0</size>
         <input_file_ref idref="fl-c4"/>
      </object_component>
      <object_component id="oc-1f9">
         <name>.debug_line</name>
         <load_address>0x179b</load_address>
         <run_address>0x179b</run_address>
         <size>0x773</size>
         <input_file_ref idref="fl-c4"/>
      </object_component>
      <object_component id="oc-294">
         <name>.debug_line</name>
         <load_address>0x1f0e</load_address>
         <run_address>0x1f0e</run_address>
         <size>0x90</size>
         <input_file_ref idref="fl-c4"/>
      </object_component>
      <object_component id="oc-33e">
         <name>.debug_line</name>
         <load_address>0x1f9e</load_address>
         <run_address>0x1f9e</run_address>
         <size>0x90</size>
         <input_file_ref idref="fl-c4"/>
      </object_component>
      <object_component id="oc-38e">
         <name>.debug_line</name>
[...]
            <available_space>
               <start_address>0x2d84</start_address>
               <size>0x4</size>
            </available_space>
            <allocated_space>
               <start_address>0x2d88</start_address>
               <size>0x40</size>
               <logical_group_ref idref="lg-6"/>
            </allocated_space>
            <available_space>
               <start_address>0x2dc8</start_address>
               <size>0x3d238</size>
            </available_space>
         </usage_details>
      </memory_area>
      <memory_area display="yes" color="green">
         <name>SRAM</name>
         <page_id>0x0</page_id>
         <origin>0x20000000</origin>
         <length>0x8000</length>
         <used_space>0x47c</used_space>
         <unused_space>0x7b84</unused_space>
         <attributes>RWX</attributes>
         <usage_details>
            <allocated_space>
               <start_address>0x20000000</start_address>
               <size>0x26c</size>
               <logical_group_ref idref="lg-9"/>
            </allocated_space>
            <allocated_space>
               <start_address>0x2000026c</start_address>
               <size>0x4</size>
               <logical_group_ref idref="lg-a"/>
            </allocated_space>
            <allocated_space>
               <start_address>0x20000270</start_address>
               <size>0x200</size>
               <logical_group_ref idref="lg-d"/>
            </allocated_space>
            <allocated_space>
               <start_address>0x20000470</start_address>
               <size>0xc</size>
               <logical_group_ref idref="lg-b"/>
            </allocated_space>
            <available_space>
               <start_address>0x2000047c</start_address>
               <size>0x7b84</size>
            </available_space>
         </usage_details>
      </memory_area>
   </placement_map>
   <cptbl_list>
      <cptbl>
         <name>__TI_cinit_table</name>
         <cprec>
            <name>.bss</name>
            <load_address>0x2d98</load_address>
            <load_size>0x8</load_size>
            <run_address>0x20000470</run_address>
            <run_size>0xc</run_size>
            <compression>zero_init</compression>
         </cprec>
         <cprec>
            <name>.vtable</name>
            <load_address>0x2da0</load_address>
            <load_size>0x8</load_size>
            <run_address>0x20000000</run_address>
            <run_size>0x26c</run_size>
            <compression>zero_init</compression>
         </cprec>
         <cprec>
            <name>.data</name>
            <load_address>0x2da8</load_address>
            <load_size>0x7</load_size>
            <run_address>0x2000026c</run_address>
            <run_size>0x4</run_size>
            <compression>lzss</compression>
         </cprec>
      </cptbl>
   </cptbl_list>
   <handler_table>
      <handler_table_name>__TI_handler_table</handler_table_name>
      <handler>
         <index>0x0</index>
         <name>__TI_zero_init</name>
      </handler>
      <handler>
         <index>0x1</index>
         <name>__TI_decompress_lzss</name>
      </handler>
      <handler>
         <index>0x2</index>
         <name>__TI_decompress_none</name>
      </handler>
   </handler_table>
   <symbol_table>
      <symbol id="sm-1">
         <name>__STACK_TOP</name>
         <value>0x20000470</value>
      </symbol>
      <symbol id="sm-2">
         <name>__TI_CINIT_Base</name>
         <value>0x2db0</value>
      </symbol>
      <symbol id="sm-3">
         <name>__TI_CINIT_Limit</name>
         <value>0x2dc8</value>
      </symbol>
      <symbol id="sm-4">
         <name>__TI_Handler_Table_Base</name>
         <value>0x2d88</value>
      </symbol>
      <symbol id="sm-5">
         <name>__TI_Handler_Table_Limit</name>
         <value>0x2d94</value>
      </symbol>
      <symbol id="sm-6">
         <name>binit</name>
         <value>0xffffffff</value>
      </symbol>
      <symbol id="sm-7">
         <name>__binit__</name>
         <value>0xffffffff</value>
      </symbol>
      <symbol id="sm-8">
         <name>__STACK_SIZE</name>
         <value>0x200</value>
      </symbol>
      <symbol id="sm-9">
         <name>__STACK_END</name>
         <value>0x20000470</value>
      </symbol>
      <symbol id="sm-a">
         <name>__c_args__</name>
         <value>0xffffffff</value>
      </symbol>
      <symbol id="sm-b">
         <name>__TI_pprof_out_hndl</name>
         <value>0xffffffff</value>
      </symbol>
      <symbol id="sm-c">
         <name>__TI_prof_data_start</name>
         <value>0xffffffff</value>
      </symbol>
      <symbol id="sm-d">
         <name>__TI_prof_data_size</name>
         <value>0xffffffff</value>
      </symbol>
      <symbol id="sm-85">
         <name>ui32buf_Rx</name>
         <value>0x20000470</value>
      </symbol>
      <symbol id="sm-86">
         <name>L3GD20_Init</name>
         <value>0xefd</value>
         <object_component_ref idref="oc-98"/>
      </symbol>
      <symbol id="sm-87">
         <name>GYRO_READ_X_LOW</name>
         <value>0xd07</value>
         <object_component_ref idref="oc-98"/>
      </symbol>
      <symbol id="sm-88">
         <name>IntUart</name>
         <value>0xedf</value>
         <object_component_ref idref="oc-98"/>
      </symbol>
      <symbol id="sm-89">
         <name>GYRO_READ_Y_LOW</name>
         <value>0xd9b</value>
         <object_component_ref idref="oc-98"/>
      </symbol>
      <symbol id="sm-8a">
         <name>sendUartString</name>
         <value>0xcd9</value>
         <object_component_ref idref="oc-98"/>
      </symbol>
      <symbol id="sm-8b">
         <name>GYRO_READ_X_HIGH</name>
         <value>0xd51</value>
         <object_component_ref idref="oc-98"/>
      </symbol>
      <symbol id="sm-8c">
         <name>GYRO_READ_Y_HIGH</name>
         <value>0xde5</value>
         <object_component_ref idref="oc-98"/>
      </symbol>
      <symbol id="sm-8d">
         <name>main</name>
         <value>0xf1d</value>
         <object_component_ref idref="oc-98"/>
      </symbol>
      <symbol id="sm-8e">
         <name>delayMS</name>
         <value>0xcbd</value>
         <object_component_ref idref="oc-98"/>
      </symbol>
      <symbol id="sm-8f">
         <name>SPI_REGISTER_READ</name>
         <value>0xe2f</value>
         <object_component_ref idref="oc-98"/>
      </symbol>
      <symbol id="sm-90">
         <name>SPI_REGISTER_WRITE</name>
         <value>0xe87</value>
         <object_component_ref idref="oc-98"/>
      </symbol>
      <symbol id="sm-b1">
         <name>ResetISR</name>
         <value>0x2a29</value>
         <object_component_ref idref="oc-24"/>
      </symbol>
      <symbol id="sm-b2">
         <name>g_pfnVectors</name>
         <value>0x0</value>
         <object_component_ref idref="oc-f"/>
      </symbol>
      <symbol id="sm-d9">
         <name>sprintf</name>
         <value>0x2749</value>
         <object_component_ref idref="oc-163"/>
      </symbol>
      <symbol id="sm-f4">
         <name>memcpy</name>
         <value>0x2017</value>
         <object_component_ref idref="oc-38"/>
      </symbol>
      <symbol id="sm-f5">
         <name>__aeabi_memcpy</name>
         <value>0x2017</value>
         <object_component_ref idref="oc-38"/>
      </symbol>
      <symbol id="sm-f6">
         <name>__aeabi_memcpy8</name>
         <value>0x2017</value>
         <object_component_ref idref="oc-38"/>
      </symbol>
      <symbol id="sm-f7">
         <name>__aeabi_memcpy4</name>
         <value>0x2017</value>
         <object_component_ref idref="oc-38"/>
      </symbol>
      <symbol id="sm-110">
         <name>__TI_zero_init_nomemset</name>
         <value>0x28d9</value>
         <object_component_ref idref="oc-44"/>
      </symbol>
      <symbol id="sm-127">
         <name>__TI_decompress_none</name>
         <value>0x2a03</value>
         <object_component_ref idref="oc-18"/>
      </symbol>
      <symbol id="sm-14a">
         <name>__TI_decompress_lzss</name>
         <value>0x233d</value>
         <object_component_ref idref="oc-12"/>
      </symbol>
      <symbol id="sm-15d">
         <name>__stack</name>
         <value>0x20000270</value>
         <object_component_ref idref="oc-21"/>
      </symbol>
      <symbol id="sm-15e">
         <name>_c_int00_noargs</name>
         <value>0x2831</value>
         <object_component_ref idref="oc-56"/>
      </symbol>
      <symbol id="sm-2c3">
         <name>__TI_printfi</name>
         <value>0x26d</value>
         <object_component_ref idref="oc-1f4"/>
      </symbol>
      <symbol id="sm-2da">
         <name>__aeabi_dsub</name>
         <value>0x14d1</value>
         <object_component_ref idref="oc-2f3"/>
      </symbol>
      <symbol id="sm-2db">
         <name>__aeabi_dadd</name>
         <value>0x14db</value>
         <object_component_ref idref="oc-2f3"/>
      </symbol>
      <symbol id="sm-2fd">
         <name>__aeabi_cdcmpeq</name>
         <value>0x2149</value>
         <object_component_ref idref="oc-260"/>
      </symbol>
      <symbol id="sm-2fe">
         <name>__aeabi_cdcmple</name>
         <value>0x2149</value>
         <object_component_ref idref="oc-260"/>
      </symbol>
      <symbol id="sm-2ff">
         <name>__aeabi_cdrcmple</name>
         <value>0x21cf</value>
         <object_component_ref idref="oc-2de"/>
      </symbol>
      <symbol id="sm-313">
         <name>__aeabi_ddiv</name>
         <value>0x17c5</value>
         <object_component_ref idref="oc-2d9"/>
      </symbol>
      <symbol id="sm-31e">
         <name>__aeabi_dmul</name>
         <value>0x1d79</value>
         <object_component_ref idref="oc-2d4"/>
      </symbol>
      <symbol id="sm-328">
         <name>__aeabi_d2iz</name>
         <value>0x25f9</value>
         <object_component_ref idref="oc-2e3"/>
      </symbol>
      <symbol id="sm-332">
         <name>__aeabi_i2d</name>
         <value>0x2865</value>
         <object_component_ref idref="oc-2ee"/>
      </symbol>
      <symbol id="sm-33f">
         <name>__aeabi_uldivmod</name>
         <value>0x20b3</value>
         <object_component_ref idref="oc-2cd"/>
      </symbol>
      <symbol id="sm-34e">
         <name>__aeabi_memset</name>
         <value>0x2257</value>
         <object_component_ref idref="oc-8c"/>
      </symbol>
      <symbol id="sm-34f">
         <name>memset</name>
         <value>0x225d</value>
         <object_component_ref idref="oc-8c"/>
      </symbol>
      <symbol id="sm-350">
         <name>__aeabi_memset8</name>
         <value>0x2257</value>
         <object_component_ref idref="oc-8c"/>
      </symbol>
      <symbol id="sm-351">
         <name>__aeabi_memset4</name>
         <value>0x2257</value>
         <object_component_ref idref="oc-8c"/>
      </symbol>
      <symbol id="sm-352">
         <name>__aeabi_memclr8</name>
         <value>0x2255</value>
         <object_component_ref idref="oc-8c"/>
      </symbol>
      <symbol id="sm-353">
         <name>__aeabi_memclr4</name>
         <value>0x2255</value>
         <object_component_ref idref="oc-8c"/>
      </symbol>
      <symbol id="sm-354">
         <name>__aeabi_memclr</name>
         <value>0x2255</value>
         <object_component_ref idref="oc-8c"/>
      </symbol>
      <symbol id="sm-37c">
         <name>__TI_auto_init_nobinit_nopinit</name>
         <value>0x2641</value>
         <object_component_ref idref="oc-177"/>
      </symbol>
      <symbol id="sm-386">
         <name>_system_pre_init</name>
         <value>0x2a8b</value>
         <object_component_ref idref="oc-92"/>
      </symbol>
      <symbol id="sm-392">
         <name>C$$EXIT</name>
         <value>0x2a8f</value>
         <object_component_ref idref="oc-16b"/>
      </symbol>
      <symbol id="sm-393">
         <name>abort</name>
         <value>0x2a8f</value>
         <object_component_ref idref="oc-16b"/>
      </symbol>
      <symbol id="sm-3ab">
         <name>atoi</name>
         <value>0x2565</value>
         <object_component_ref idref="oc-254"/>
      </symbol>
      <symbol id="sm-3b6">
         <name>_ctypes_</name>
         <value>0x2a94</value>
         <object_component_ref idref="oc-2c8"/>
      </symbol>
      <symbol id="sm-3c5">
         <name>ltoa</name>
         <value>0x24bf</value>
         <object_component_ref idref="oc-2e8"/>
      </symbol>
      <symbol id="sm-3d5">
         <name>memccpy</name>
         <value>0x28f5</value>
         <object_component_ref idref="oc-27d"/>
      </symbol>
      <symbol id="sm-3e5">
         <name>strchr</name>
         <value>0x2973</value>
         <object_component_ref idref="oc-31f"/>
      </symbol>
      <symbol id="sm-3f3">
         <name>strlen</name>
         <value>0x299d</value>
         <object_component_ref idref="oc-24e"/>
      </symbol>
      <symbol id="sm-409">
         <name>__aeabi_errno_addr</name>
         <value>0x2a6d</value>
         <object_component_ref idref="oc-289"/>
      </symbol>
      <symbol id="sm-40a">
         <name>errno</name>
         <value>0x2000026c</value>
         <object_component_ref idref="oc-32f"/>
      </symbol>
      <symbol id="sm-423">
         <name>wcslen</name>
         <value>0x29d5</value>
         <object_component_ref idref="oc-283"/>
      </symbol>
      <symbol id="sm-443">
         <name>frexpl</name>
         <value>0x23a5</value>
         <object_component_ref idref="oc-313"/>
      </symbol>
      <symbol id="sm-444">
         <name>frexp</name>
         <value>0x23a5</value>
         <object_component_ref idref="oc-313"/>
      </symbol>
      <symbol id="sm-461">
         <name>scalbn</name>
         <value>0x1c69</value>
         <object_component_ref idref="oc-319"/>
      </symbol>
      <symbol id="sm-462">
         <name>scalbnl</name>
         <value>0x1c69</value>
         <object_component_ref idref="oc-319"/>
      </symbol>
      <symbol id="sm-463">
         <name>ldexpl</name>
         <value>0x1c69</value>
         <object_component_ref idref="oc-319"/>
      </symbol>
      <symbol id="sm-464">
         <name>ldexp</name>
         <value>0x1c69</value>
         <object_component_ref idref="oc-319"/>
      </symbol>
      <symbol id="sm-46e">
         <name>__aeabi_idiv0</name>
         <value>0xcbb</value>
         <object_component_ref idref="oc-35b"/>
      </symbol>
      <symbol id="sm-46f">
         <name>__aeabi_ldiv0</name>
         <value>0xcbb</value>
         <object_component_ref idref="oc-35b"/>
      </symbol>
      <symbol id="sm-479">
         <name>copysign</name>
         <value>0x2911</value>
         <object_component_ref idref="oc-374"/>
      </symbol>
      <symbol id="sm-47a">
         <name>copysignl</name>
         <value>0x2911</value>
         <object_component_ref idref="oc-374"/>
      </symbol>
      <symbol id="sm-50a">
         <name>UARTCharPutNonBlocking</name>
         <value>0x29f5</value>
         <object_component_ref idref="oc-d3"/>
      </symbol>
      <symbol id="sm-50b">
         <name>UARTConfigSetExpClk</name>
         <value>0x26c7</value>
         <object_component_ref idref="oc-127"/>
      </symbol>
      <symbol id="sm-50c">
         <name>UARTDisable</name>
         <value>0x28bd</value>
         <object_component_ref idref="oc-11b"/>
      </symbol>
      <symbol id="sm-50d">
         <name>UARTIntEnable</name>
         <value>0x2a65</value>
         <object_component_ref idref="oc-133"/>
      </symbol>
      <symbol id="sm-50e">
         <name>UARTCharGetNonBlocking</name>
         <value>0x29e7</value>
         <object_component_ref idref="oc-fd"/>
      </symbol>
      <symbol id="sm-50f">
         <name>UARTClockSourceSet</name>
         <value>0x2a81</value>
         <object_component_ref idref="oc-121"/>
      </symbol>
      <symbol id="sm-510">
         <name>UARTEnable</name>
         <value>0x2989</value>
         <object_component_ref idref="oc-139"/>
      </symbol>
      <symbol id="sm-511">
         <name>UARTIntClear</name>
         <value>0x2a87</value>
         <object_component_ref idref="oc-f7"/>
      </symbol>
      <symbol id="sm-512">
         <name>UARTIntStatus</name>
         <value>0x2a49</value>
         <object_component_ref idref="oc-f1"/>
      </symbol>
      <symbol id="sm-513">
         <name>UARTSpaceAvail</name>
         <value>0x2a1d</value>
         <object_component_ref idref="oc-cd"/>
      </symbol>
      <symbol id="sm-514">
         <name>UARTIntRegister</name>
         <value>0x2943</value>
         <object_component_ref idref="oc-12d"/>
      </symbol>
      <symbol id="sm-56f">
         <name>SysCtlClockSet</name>
         <value>0x1e75</value>
         <object_component_ref idref="oc-103"/>
      </symbol>
      <symbol id="sm-570">
         <name>SysCtlDelay</name>
         <value>0x2a7b</value>
         <object_component_ref idref="oc-cc"/>
      </symbol>
      <symbol id="sm-571">
         <name>SysCtlPeripheralEnable</name>
         <value>0x27fd</value>
         <object_component_ref idref="oc-109"/>
      </symbol>
      <symbol id="sm-572">
         <name>SysCtlClockGet</name>
         <value>0x1b51</value>
         <object_component_ref idref="oc-c6"/>
      </symbol>
      <symbol id="sm-5a9">
         <name>SSIDataPut</name>
         <value>0x2a35</value>
         <object_component_ref idref="oc-df"/>
      </symbol>
      <symbol id="sm-5aa">
         <name>SSIDataGet</name>
         <value>0x2a11</value>
         <object_component_ref idref="oc-e5"/>
      </symbol>
      <symbol id="sm-5ab">
         <name>SSIConfigSetExpClk</name>
         <value>0x2685</value>
         <object_component_ref idref="oc-157"/>
      </symbol>
      <symbol id="sm-5ac">
         <name>SSIEnable</name>
         <value>0x2a3f</value>
         <object_component_ref idref="oc-15d"/>
      </symbol>
      <symbol id="sm-5ad">
         <name>SSIBusy</name>
         <value>0x2a5d</value>
         <object_component_ref idref="oc-eb"/>
      </symbol>
      <symbol id="sm-5e7">
         <name>IntEnable</name>
         <value>0x2409</value>
         <object_component_ref idref="oc-13f"/>
      </symbol>
      <symbol id="sm-5e8">
         <name>IntRegister</name>
         <value>0x27c9</value>
         <object_component_ref idref="oc-1e1"/>
      </symbol>
      <symbol id="sm-5e9">
         <name>g_pfnRAMVectors</name>
         <value>0x20000000</value>
         <object_component_ref idref="oc-246"/>
      </symbol>
      <symbol id="sm-639">
         <name>GPIOPinConfigure</name>
         <value>0x25b1</value>
         <object_component_ref idref="oc-10f"/>
      </symbol>
      <symbol id="sm-63a">
         <name>GPIOPinTypeUART</name>
         <value>0x29c3</value>
         <object_component_ref idref="oc-115"/>
      </symbol>
      <symbol id="sm-63b">
         <name>GPIOPinTypeGPIOOutput</name>
         <value>0x292b</value>
         <object_component_ref idref="oc-145"/>
      </symbol>
      <symbol id="sm-63c">
         <name>GPIODirModeSet</name>
         <value>0x2893</value>
         <object_component_ref idref="oc-1d1"/>
      </symbol>
      <symbol id="sm-63d">
         <name>GPIOPinWrite</name>
         <value>0x2a75</value>
         <object_component_ref idref="oc-d9"/>
      </symbol>
      <symbol id="sm-63e">
         <name>GPIOPadConfigSet</name>
         <value>0x18fb</value>
         <object_component_ref idref="oc-14b"/>
      </symbol>
      <symbol id="sm-63f">
         <name>GPIOPinTypeSSI</name>
         <value>0x29b1</value>
         <object_component_ref idref="oc-151"/>
      </symbol>
      <symbol id="sm-641">
         <name>__TI_static_base__</name>
         <value>0x0</value>
      </symbol>
      <symbol id="sm-644">
         <name>__mpu_init</name>
         <value>0x0</value>
      </symbol>
      <symbol id="sm-645">
         <name>_system_post_cinit</name>
         <value>0x0</value>
      </symbol>
   </symbol_table>
   <title>Link successful</title>
</link_info>
