******************************************************************************
                  TI ARM Linker PC v18.12.4                    
******************************************************************************
>> Linked Tue Oct 27 14:32:04 2020

OUTPUT FILE NAME:   <TIVA_GYRO_L3GD20H_TEST.out>
ENTRY POINT SYMBOL: "_c_int00_noargs"  address: 00002831


MEMORY CONFIGURATION

         name            origin    length      used     unused   attr    fill
----------------------  --------  ---------  --------  --------  ----  --------
  FLASH                 00000000   00040000  00002dc2  0003d23e  R  X
  SRAM                  20000000   00008000  0000047c  00007b84  RW X


SEGMENT ALLOCATION MAP

run origin  load origin   length   init length attrs members
----------  ----------- ---------- ----------- ----- -------
00000000    00000000    00002dc8   00002dc8    r-x
  00000000    00000000    0000026c   0000026c    r-- .intvecs
  0000026c    0000026c    00002826   00002826    r-x .text
  00002a94    00002a94    000002f0   000002f0    r-- .const
  00002d88    00002d88    00000040   00000040    r-- .cinit
20000000    20000000    0000047c   00000000    rw-
  20000000    20000000    0000026c   00000000    rw- .vtable
  2000026c    2000026c    00000004   00000000    rw- .data
  20000270    20000270    00000200   00000000    rw- .stack
  20000470    20000470    0000000c   00000000    rw- .bss


SECTION ALLOCATION MAP

 output                                  attributes/
section   page    origin      length       input sections
--------  ----  ----------  ----------   ----------------
.intvecs   0    00000000    0000026c     
                  00000000    0000026c     tm4c123gh6pm_startup_ccs.obj (.intvecs)

.text      0    0000026c    00002826     
                  0000026c    00000a4e     rtsv7M4_T_le_v4SPD16_eabi.lib : _printfi.c.obj (.text:__TI_printfi)
                  00000cba    00000002                                   : div0.asm.obj (.text)
                  00000cbc    000003d4     main.obj (.text)
                  00001090    00000270     rtsv7M4_T_le_v4SPD16_eabi.lib : _printfi.c.obj (.text:_pconv_a)
                  00001300    000001d0                                   : _printfi.c.obj (.text:_pconv_g)
                  000014d0    000001b6                                   : fd_add_t2.asm.obj (.text)
                  00001686    00000002     --HOLE-- [fill = 0]
                  00001688    0000013c                                   : _printfi.c.obj (.text:_pconv_e)
                  000017c4    00000136                                   : fd_div_t2.asm.obj (.text)
                  000018fa    00000130     driverlib.lib : gpio.obj (.text:GPIOPadConfigSet)
                  00001a2a    00000002     --HOLE-- [fill = 0]
                  00001a2c    00000124     rtsv7M4_T_le_v4SPD16_eabi.lib : _printfi.c.obj (.text:fcvt)
                  00001b50    00000118     driverlib.lib : sysctl.obj (.text:SysCtlClockGet)
                  00001c68    00000110     rtsv7M4_T_le_v4SPD16_eabi.lib : s_scalbn.c.obj (.text:scalbn)
                  00001d78    000000fc                                   : fd_mul_t2.asm.obj (.text)
                  00001e74    000000f0     driverlib.lib : sysctl.obj (.text:SysCtlClockSet)
                  00001f64    000000b1     rtsv7M4_T_le_v4SPD16_eabi.lib : _printfi.c.obj (.text:_ltostr)
                  00002015    00000001     --HOLE-- [fill = 0]
                  00002016    0000009c                                   : memcpy_t2.asm.obj (.text)
                  000020b2    00000096                                   : ull_div_t2.asm.obj (.text)
                  00002148    00000086                                   : fd_cmp_t2.asm.obj (.text:__aeabi_cdcmple)
                  000021ce    00000086                                   : fd_cmp_t2.asm.obj (.text:__aeabi_cdrcmple)
                  00002254    0000007a                                   : memset_t2.asm.obj (.text)
                  000022ce    0000006e                                   : _printfi.c.obj (.text:_mcpy)
                  0000233c    00000068                                   : copy_decompress_lzss.c.obj (.text:decompress:lzss:__TI_decompress_lzss)
                  000023a4    00000064                                   : s_frexp.c.obj (.text:frexp)
                  00002408    00000060     driverlib.lib : interrupt.obj (.text:IntEnable)
                  00002468    00000056     rtsv7M4_T_le_v4SPD16_eabi.lib : _printfi.c.obj (.text:_pconv_f)
                  000024be    00000054                                   : ltoa.c.obj (.text:ltoa)
                  00002512    00000052                                   : _printfi.c.obj (.text:_ecpy)
                  00002564    0000004c                                   : atoi.c.obj (.text:atoi)
                  000025b0    00000048     driverlib.lib : gpio.obj (.text:GPIOPinConfigure)
                  000025f8    00000048     rtsv7M4_T_le_v4SPD16_eabi.lib : fd_toi_t2.asm.obj (.text)
                  00002640    00000044                                   : autoinit.c.obj (.text:__TI_auto_init_nobinit_nopinit:__TI_auto_init_nobinit_nopinit)
                  00002684    00000042     driverlib.lib : ssi.obj (.text:SSIConfigSetExpClk)
                  000026c6    00000040                   : uart.obj (.text:UARTConfigSetExpClk)
                  00002706    00000002     --HOLE-- [fill = 0]
                  00002708    00000040                   : uart.obj (.text:_UARTIntNumberGet)
                  00002748    00000040     rtsv7M4_T_le_v4SPD16_eabi.lib : sprintf.c.obj (.text:sprintf)
                  00002788    0000003e                                   : _printfi.c.obj (.text:_fcpy)
                  000027c6    00000002     --HOLE-- [fill = 0]
                  000027c8    00000034     driverlib.lib : interrupt.obj (.text:IntRegister)
                  000027fc    00000034                   : sysctl.obj (.text:SysCtlPeripheralEnable)
                  00002830    00000034     rtsv7M4_T_le_v4SPD16_eabi.lib : boot_cortex_m.c.obj (.text:_c_int00_noargs:_c_int00_noargs)
                  00002864    0000002e                                   : i_tofd_t2.asm.obj (.text)
                  00002892    0000002a     driverlib.lib : gpio.obj (.text:GPIODirModeSet)
                  000028bc    0000001c                   : uart.obj (.text:UARTDisable)
                  000028d8    0000001c     rtsv7M4_T_le_v4SPD16_eabi.lib : copy_zero_init.c.obj (.text:decompress:ZI:__TI_zero_init_nomemset:__TI_zero_init_nomemset)
                  000028f4    0000001c                                   : memccpy.c.obj (.text:memccpy)
                  00002910    0000001a                                   : s_copysign.c.obj (.text:copysign)
                  0000292a    00000018     driverlib.lib : gpio.obj (.text:GPIOPinTypeGPIOOutput)
                  00002942    00000018                   : uart.obj (.text:UARTIntRegister)
                  0000295a    00000018     rtsv7M4_T_le_v4SPD16_eabi.lib : sprintf.c.obj (.text:_outs)
                  00002972    00000016                                   : strchr.c.obj (.text:strchr)
                  00002988    00000014     driverlib.lib : uart.obj (.text:UARTEnable)
                  0000299c    00000014     rtsv7M4_T_le_v4SPD16_eabi.lib : strlen.c.obj (.text:strlen)
                  000029b0    00000012     driverlib.lib : gpio.obj (.text:GPIOPinTypeSSI)
                  000029c2    00000012                   : gpio.obj (.text:GPIOPinTypeUART)
                  000029d4    00000012     rtsv7M4_T_le_v4SPD16_eabi.lib : wcslen.c.obj (.text:wcslen)
                  000029e6    0000000e     driverlib.lib : uart.obj (.text:UARTCharGetNonBlocking)
                  000029f4    0000000e                   : uart.obj (.text:UARTCharPutNonBlocking)
                  00002a02    0000000e     rtsv7M4_T_le_v4SPD16_eabi.lib : copy_decompress_none.c.obj (.text:decompress:none:__TI_decompress_none)
                  00002a10    0000000c     driverlib.lib : ssi.obj (.text:SSIDataGet)
                  00002a1c    0000000c                   : uart.obj (.text:UARTSpaceAvail)
                  00002a28    0000000c     tm4c123gh6pm_startup_ccs.obj (.text)
                  00002a34    0000000a     driverlib.lib : ssi.obj (.text:SSIDataPut)
                  00002a3e    0000000a                   : ssi.obj (.text:SSIEnable)
                  00002a48    0000000a                   : uart.obj (.text:UARTIntStatus)
                  00002a52    0000000a     rtsv7M4_T_le_v4SPD16_eabi.lib : sprintf.c.obj (.text:_outc)
                  00002a5c    00000008     driverlib.lib : ssi.obj (.text:SSIBusy)
                  00002a64    00000008                   : uart.obj (.text:UARTIntEnable)
                  00002a6c    00000008     rtsv7M4_T_le_v4SPD16_eabi.lib : errno.c.obj (.text:__aeabi_errno_addr)
                  00002a74    00000006     driverlib.lib : gpio.obj (.text:GPIOPinWrite)
                  00002a7a    00000006                   : sysctl.obj (.text:SysCtlDelay)
                  00002a80    00000006                   : uart.obj (.text:UARTClockSourceSet)
                  00002a86    00000004                   : uart.obj (.text:UARTIntClear)
                  00002a8a    00000004     rtsv7M4_T_le_v4SPD16_eabi.lib : pre_init.c.obj (.text:_system_pre_init)
                  00002a8e    00000004                                   : exit.c.obj (.text:abort:abort)

.const     0    00002a94    000002f0     
                  00002a94    00000101     rtsv7M4_T_le_v4SPD16_eabi.lib : ctype.c.obj (.const:.string:_ctypes_)
                  00002b95    00000003     --HOLE-- [fill = 0]
                  00002b98    00000090     driverlib.lib : gpio.obj (.const:g_pui32GPIOBaseAddrs)
                  00002c28    00000070                   : interrupt.obj (.const)
                  00002c98    0000006c                   : sysctl.obj (.const:g_pui32Xtals)
                  00002d04    00000040                   : uart.obj (.const:g_ppui32UARTIntMap)
                  00002d44    00000040                   : uart.obj (.const:g_ppui32UARTIntMapSnowflake)

.cinit     0    00002d88    00000040     
                  00002d88    0000000c     (__TI_handler_table)
                  00002d94    00000004     --HOLE-- [fill = 0]
                  00002d98    00000008     (.cinit..bss.load) [load image, compression = zero_init]
                  00002da0    00000008     (.cinit..vtable.load) [load image, compression = zero_init]
                  00002da8    00000007     (.cinit..data.load) [load image, compression = lzss]
                  00002daf    00000001     --HOLE-- [fill = 0]
                  00002db0    00000018     (__TI_cinit_table)

.init_array 
*          0    00000000    00000000     UNINITIALIZED

.vtable    0    20000000    0000026c     UNINITIALIZED
                  20000000    0000026c     driverlib.lib : interrupt.obj (.vtable)

.data      0    2000026c    00000004     UNINITIALIZED
                  2000026c    00000004     rtsv7M4_T_le_v4SPD16_eabi.lib : errno.c.obj (.data)

.bss       0    20000470    0000000c     UNINITIALIZED
                  20000470    0000000c     (.common:ui32buf_Rx)

.stack     0    20000270    00000200     UNINITIALIZED
                  20000270    00000004     rtsv7M4_T_le_v4SPD16_eabi.lib : boot_cortex_m.c.obj (.stack)
                  20000274    000001fc     --HOLE--

MODULE SUMMARY

       Module                         code    ro data   rw data
       ------                         ----    -------   -------
    .\
       main.obj                       980     0         12     
       tm4c123gh6pm_startup_ccs.obj   12      620       0      
    +--+------------------------------+-------+---------+---------+
       Total:                         992     620       12     
                                                               
    C:/ti/TivaWare_C_Series-2.1.0.12573/driverlib/ccs/Debug/driverlib.lib
       interrupt.obj                  148     112       620    
       sysctl.obj                     578     108       0      
       gpio.obj                       484     144       0      
       uart.obj                       268     128       0      
       ssi.obj                        106     0         0      
    +--+------------------------------+-------+---------+---------+
       Total:                         1584    492       620    
                                                               
    C:\ti\ccs930\ccs\tools\compiler\ti-cgt-arm_18.12.4.LTS\lib\rtsv7M4_T_le_v4SPD16_eabi.lib
       _printfi.c.obj                 4851    0         0      
       fd_add_t2.asm.obj              438     0         0      
       fd_div_t2.asm.obj              310     0         0      
       s_scalbn.c.obj                 272     0         0      
       fd_cmp_t2.asm.obj              268     0         0      
       ctype.c.obj                    0       257       0      
       fd_mul_t2.asm.obj              252     0         0      
       memcpy_t2.asm.obj              156     0         0      
       ull_div_t2.asm.obj             150     0         0      
       memset_t2.asm.obj              122     0         0      
       copy_decompress_lzss.c.obj     104     0         0      
       s_frexp.c.obj                  100     0         0      
       sprintf.c.obj                  98      0         0      
       ltoa.c.obj                     84      0         0      
       atoi.c.obj                     76      0         0      
       fd_toi_t2.asm.obj              72      0         0      
       autoinit.c.obj                 68      0         0      
       boot_cortex_m.c.obj            52      0         0      
       i_tofd_t2.asm.obj              46      0         0      
       copy_zero_init.c.obj           28      0         0      
       memccpy.c.obj                  28      0         0      
       s_copysign.c.obj               26      0         0      
       strchr.c.obj                   22      0         0      
       strlen.c.obj                   20      0         0      
       wcslen.c.obj                   18      0         0      
       copy_decompress_none.c.obj     14      0         0      
       errno.c.obj                    8       0         4      
       exit.c.obj                     4       0         0      
       pre_init.c.obj                 4       0         0      
       div0.asm.obj                   2       0         0      
    +--+------------------------------+-------+---------+---------+
       Total:                         7693    257       4      
                                                               
       Stack:                         0       0         512    
       Linker Generated:              0       59        0      
    +--+------------------------------+-------+---------+---------+
       Grand Total:                   10269   1428      1148   


LINKER GENERATED COPY TABLES

__TI_cinit_table @ 00002db0 records: 3, size/record: 8, table size: 24
	.bss: load addr=00002d98, load size=00000008 bytes, run addr=20000470, run size=0000000c bytes, compression=zero_init
	.vtable: load addr=00002da0, load size=00000008 bytes, run addr=20000000, run size=0000026c bytes, compression=zero_init
	.data: load addr=00002da8, load size=00000007 bytes, run addr=2000026c, run size=00000004 bytes, compression=lzss


LINKER GENERATED HANDLER TABLE

__TI_handler_table @ 00002d88 records: 3, size/record: 4, table size: 12
	index: 0, handler: __TI_zero_init
	index: 1, handler: __TI_decompress_lzss
	index: 2, handler: __TI_decompress_none


GLOBAL SYMBOLS: SORTED ALPHABETICALLY BY Name 

address   name                          
-------   ----                          
00002a8f  C$$EXIT                       
00002893  GPIODirModeSet                
000018fb  GPIOPadConfigSet              
000025b1  GPIOPinConfigure              
0000292b  GPIOPinTypeGPIOOutput         
000029b1  GPIOPinTypeSSI                
000029c3  GPIOPinTypeUART               
00002a75  GPIOPinWrite                  
00000d51  GYRO_READ_X_HIGH              
00000d07  GYRO_READ_X_LOW               
00000de5  GYRO_READ_Y_HIGH              
00000d9b  GYRO_READ_Y_LOW               
00002409  IntEnable                     
000027c9  IntRegister                   
00000edf  IntUart                       
00000efd  L3GD20_Init                   
00002a29  ResetISR                      
00000e2f  SPI_REGISTER_READ             
00000e87  SPI_REGISTER_WRITE            
00002a5d  SSIBusy                       
00002685  SSIConfigSetExpClk            
00002a11  SSIDataGet                    
00002a35  SSIDataPut                    
00002a3f  SSIEnable                     
00001b51  SysCtlClockGet                
00001e75  SysCtlClockSet                
00002a7b  SysCtlDelay                   
000027fd  SysCtlPeripheralEnable        
000029e7  UARTCharGetNonBlocking        
000029f5  UARTCharPutNonBlocking        
00002a81  UARTClockSourceSet            
000026c7  UARTConfigSetExpClk           
000028bd  UARTDisable                   
00002989  UARTEnable                    
00002a87  UARTIntClear                  
00002a65  UARTIntEnable                 
00002943  UARTIntRegister               
00002a49  UARTIntStatus                 
00002a1d  UARTSpaceAvail                
20000470  __STACK_END                   
00000200  __STACK_SIZE                  
20000470  __STACK_TOP                   
00002db0  __TI_CINIT_Base               
00002dc8  __TI_CINIT_Limit              
00002d88  __TI_Handler_Table_Base       
00002d94  __TI_Handler_Table_Limit      
00002641  __TI_auto_init_nobinit_nopinit
0000233d  __TI_decompress_lzss          
00002a03  __TI_decompress_none          
ffffffff  __TI_pprof_out_hndl           
0000026d  __TI_printfi                  
ffffffff  __TI_prof_data_size           
ffffffff  __TI_prof_data_start          
00000000  __TI_static_base__            
000028d9  __TI_zero_init_nomemset       
00002149  __aeabi_cdcmpeq               
00002149  __aeabi_cdcmple               
000021cf  __aeabi_cdrcmple              
000025f9  __aeabi_d2iz                  
000014db  __aeabi_dadd                  
000017c5  __aeabi_ddiv                  
00001d79  __aeabi_dmul                  
000014d1  __aeabi_dsub                  
00002a6d  __aeabi_errno_addr            
00002865  __aeabi_i2d                   
00000cbb  __aeabi_idiv0                 
00000cbb  __aeabi_ldiv0                 
00002255  __aeabi_memclr                
00002255  __aeabi_memclr4               
00002255  __aeabi_memclr8               
00002017  __aeabi_memcpy                
00002017  __aeabi_memcpy4               
00002017  __aeabi_memcpy8               
00002257  __aeabi_memset                
00002257  __aeabi_memset4               
00002257  __aeabi_memset8               
000020b3  __aeabi_uldivmod              
ffffffff  __binit__                     
ffffffff  __c_args__                    
UNDEFED   __mpu_init                    
20000270  __stack                       
00002831  _c_int00_noargs               
00002a94  _ctypes_                      
UNDEFED   _system_post_cinit            
00002a8b  _system_pre_init              
00002a8f  abort                         
00002565  atoi                          
ffffffff  binit                         
00002911  copysign                      
00002911  copysignl                     
00000cbd  delayMS                       
2000026c  errno                         
000023a5  frexp                         
000023a5  frexpl                        
20000000  g_pfnRAMVectors               
00000000  g_pfnVectors                  
00001c69  ldexp                         
00001c69  ldexpl                        
000024bf  ltoa                          
00000f1d  main                          
000028f5  memccpy                       
00002017  memcpy                        
0000225d  memset                        
00001c69  scalbn                        
00001c69  scalbnl                       
00000cd9  sendUartString                
00002749  sprintf                       
00002973  strchr                        
0000299d  strlen                        
20000470  ui32buf_Rx                    
000029d5  wcslen                        


GLOBAL SYMBOLS: SORTED BY Symbol Address 

address   name                          
-------   ----                          
00000000  __TI_static_base__            
00000000  g_pfnVectors                  
00000200  __STACK_SIZE                  
0000026d  __TI_printfi                  
00000cbb  __aeabi_idiv0                 
00000cbb  __aeabi_ldiv0                 
00000cbd  delayMS                       
00000cd9  sendUartString                
00000d07  GYRO_READ_X_LOW               
00000d51  GYRO_READ_X_HIGH              
00000d9b  GYRO_READ_Y_LOW               
00000de5  GYRO_READ_Y_HIGH              
00000e2f  SPI_REGISTER_READ             
00000e87  SPI_REGISTER_WRITE            
00000edf  IntUart                       
00000efd  L3GD20_Init                   
00000f1d  main                          
000014d1  __aeabi_dsub                  
000014db  __aeabi_dadd                  
000017c5  __aeabi_ddiv                  
000018fb  GPIOPadConfigSet              
00001b51  SysCtlClockGet                
00001c69  ldexp                         
00001c69  ldexpl                        
00001c69  scalbn                        
00001c69  scalbnl                       
00001d79  __aeabi_dmul                  
00001e75  SysCtlClockSet                
00002017  __aeabi_memcpy                
00002017  __aeabi_memcpy4               
00002017  __aeabi_memcpy8               
00002017  memcpy                        
000020b3  __aeabi_uldivmod              
00002149  __aeabi_cdcmpeq               
00002149  __aeabi_cdcmple               
000021cf  __aeabi_cdrcmple              
00002255  __aeabi_memclr                
00002255  __aeabi_memclr4               
00002255  __aeabi_memclr8               
00002257  __aeabi_memset                
00002257  __aeabi_memset4               
00002257  __aeabi_memset8               
0000225d  memset                        
0000233d  __TI_decompress_lzss          
000023a5  frexp                         
000023a5  frexpl                        
00002409  IntEnable                     
000024bf  ltoa                          
00002565  atoi                          
000025b1  GPIOPinConfigure              
000025f9  __aeabi_d2iz                  
00002641  __TI_auto_init_nobinit_nopinit
00002685  SSIConfigSetExpClk            
000026c7  UARTConfigSetExpClk           
00002749  sprintf                       
000027c9  IntRegister                   
000027fd  SysCtlPeripheralEnable        
00002831  _c_int00_noargs               
00002865  __aeabi_i2d                   
00002893  GPIODirModeSet                
000028bd  UARTDisable                   
000028d9  __TI_zero_init_nomemset       
000028f5  memccpy                       
00002911  copysign                      
00002911  copysignl                     
0000292b  GPIOPinTypeGPIOOutput         
00002943  UARTIntRegister               
00002973  strchr                        
00002989  UARTEnable                    
0000299d  strlen                        
000029b1  GPIOPinTypeSSI                
000029c3  GPIOPinTypeUART               
000029d5  wcslen                        
000029e7  UARTCharGetNonBlocking        
000029f5  UARTCharPutNonBlocking        
00002a03  __TI_decompress_none          
00002a11  SSIDataGet                    
00002a1d  UARTSpaceAvail                
00002a29  ResetISR                      
00002a35  SSIDataPut                    
00002a3f  SSIEnable                     
00002a49  UARTIntStatus                 
00002a5d  SSIBusy                       
00002a65  UARTIntEnable                 
00002a6d  __aeabi_errno_addr            
00002a75  GPIOPinWrite                  
00002a7b  SysCtlDelay                   
00002a81  UARTClockSourceSet            
00002a87  UARTIntClear                  
00002a8b  _system_pre_init              
00002a8f  C$$EXIT                       
00002a8f  abort                         
00002a94  _ctypes_                      
00002d88  __TI_Handler_Table_Base       
00002d94  __TI_Handler_Table_Limit      
00002db0  __TI_CINIT_Base               
00002dc8  __TI_CINIT_Limit              
20000000  g_pfnRAMVectors               
2000026c  errno                         
20000270  __stack                       
20000470  __STACK_END                   
20000470  __STACK_TOP                   
20000470  ui32buf_Rx                    
ffffffff  __TI_pprof_out_hndl           
ffffffff  __TI_prof_data_size           
ffffffff  __TI_prof_data_start          
ffffffff  __binit__                     
ffffffff  __c_args__                    
ffffffff  binit                         
UNDEFED   __mpu_init                    
UNDEFED   _system_post_cinit            

[111 symbols]
